Archive member included to satisfy reference by file (symbol)

c:/st/stm32cubeide_1.6.0/stm32cubeide/plugins/com.st.stm32cube.ide.mcu.externaltools.gnu-tools-for-stm32.9-2020-q2-update.win32_1.5.0.202011040924/tools/bin/../lib/gcc/arm-none-eabi/9.3.1/../../../../arm-none-eabi/lib/thumb/v7e-m+fp/hard\libc_nano.a(lib_a-errno.o)
                              Core/Src/syscalls.o (__errno)
c:/st/stm32cubeide_1.6.0/stm32cubeide/plugins/com.st.stm32cube.ide.mcu.externaltools.gnu-tools-for-stm32.9-2020-q2-update.win32_1.5.0.202011040924/tools/bin/../lib/gcc/arm-none-eabi/9.3.1/../../../../arm-none-eabi/lib/thumb/v7e-m+fp/hard\libc_nano.a(lib_a-exit.o)
                              c:/st/stm32cubeide_1.6.0/stm32cubeide/plugins/com.st.stm32cube.ide.mcu.externaltools.gnu-tools-for-stm32.9-2020-q2-update.win32_1.5.0.202011040924/tools/bin/../lib/gcc/arm-none-eabi/9.3.1/../../../../arm-none-eabi/lib/thumb/v7e-m+fp/hard/crt0.o (exit)
c:/st/stm32cubeide_1.6.0/stm32cubeide/plugins/com.st.stm32cube.ide.mcu.externaltools.gnu-tools-for-stm32.9-2020-q2-update.win32_1.5.0.202011040924/tools/bin/../lib/gcc/arm-none-eabi/9.3.1/../../../../arm-none-eabi/lib/thumb/v7e-m+fp/hard\libc_nano.a(lib_a-impure.o)
                              c:/st/stm32cubeide_1.6.0/stm32cubeide/plugins/com.st.stm32cube.ide.mcu.externaltools.gnu-tools-for-stm32.9-2020-q2-update.win32_1.5.0.202011040924/tools/bin/../lib/gcc/arm-none-eabi/9.3.1/../../../../arm-none-eabi/lib/thumb/v7e-m+fp/hard\libc_nano.a(lib_a-exit.o) (_global_impure_ptr)
c:/st/stm32cubeide_1.6.0/stm32cubeide/plugins/com.st.stm32cube.ide.mcu.externaltools.gnu-tools-for-stm32.9-2020-q2-update.win32_1.5.0.202011040924/tools/bin/../lib/gcc/arm-none-eabi/9.3.1/../../../../arm-none-eabi/lib/thumb/v7e-m+fp/hard\libc_nano.a(lib_a-init.o)
                              c:/st/stm32cubeide_1.6.0/stm32cubeide/plugins/com.st.stm32cube.ide.mcu.externaltools.gnu-tools-for-stm32.9-2020-q2-update.win32_1.5.0.202011040924/tools/bin/../lib/gcc/arm-none-eabi/9.3.1/../../../../arm-none-eabi/lib/thumb/v7e-m+fp/hard/crt0.o (__libc_init_array)
c:/st/stm32cubeide_1.6.0/stm32cubeide/plugins/com.st.stm32cube.ide.mcu.externaltools.gnu-tools-for-stm32.9-2020-q2-update.win32_1.5.0.202011040924/tools/bin/../lib/gcc/arm-none-eabi/9.3.1/../../../../arm-none-eabi/lib/thumb/v7e-m+fp/hard\libc_nano.a(lib_a-memcmp.o)
                              Middlewares/Third_Party/FreeRTOS/Source/tasks.o (memcmp)
c:/st/stm32cubeide_1.6.0/stm32cubeide/plugins/com.st.stm32cube.ide.mcu.externaltools.gnu-tools-for-stm32.9-2020-q2-update.win32_1.5.0.202011040924/tools/bin/../lib/gcc/arm-none-eabi/9.3.1/../../../../arm-none-eabi/lib/thumb/v7e-m+fp/hard\libc_nano.a(lib_a-memcpy-stub.o)
                              Middlewares/Third_Party/FreeRTOS/Source/CMSIS_RTOS_V2/cmsis_os2.o (memcpy)
c:/st/stm32cubeide_1.6.0/stm32cubeide/plugins/com.st.stm32cube.ide.mcu.externaltools.gnu-tools-for-stm32.9-2020-q2-update.win32_1.5.0.202011040924/tools/bin/../lib/gcc/arm-none-eabi/9.3.1/../../../../arm-none-eabi/lib/thumb/v7e-m+fp/hard\libc_nano.a(lib_a-memset.o)
                              c:/st/stm32cubeide_1.6.0/stm32cubeide/plugins/com.st.stm32cube.ide.mcu.externaltools.gnu-tools-for-stm32.9-2020-q2-update.win32_1.5.0.202011040924/tools/bin/../lib/gcc/arm-none-eabi/9.3.1/../../../../arm-none-eabi/lib/thumb/v7e-m+fp/hard/crt0.o (memset)
c:/st/stm32cubeide_1.6.0/stm32cubeide/plugins/com.st.stm32cube.ide.mcu.externaltools.gnu-tools-for-stm32.9-2020-q2-update.win32_1.5.0.202011040924/tools/bin/../lib/gcc/arm-none-eabi/9.3.1/../../../../arm-none-eabi/lib/thumb/v7e-m+fp/hard\libc_nano.a(lib_a-nano-vfprintf_float.o)
                              (_printf_float)
c:/st/stm32cubeide_1.6.0/stm32cubeide/plugins/com.st.stm32cube.ide.mcu.externaltools.gnu-tools-for-stm32.9-2020-q2-update.win32_1.5.0.202011040924/tools/bin/../lib/gcc/arm-none-eabi/9.3.1/../../../../arm-none-eabi/lib/thumb/v7e-m+fp/hard\libc_nano.a(lib_a-nano-vfprintf_i.o)
                              c:/st/stm32cubeide_1.6.0/stm32cubeide/plugins/com.st.stm32cube.ide.mcu.externaltools.gnu-tools-for-stm32.9-2020-q2-update.win32_1.5.0.202011040924/tools/bin/../lib/gcc/arm-none-eabi/9.3.1/../../../../arm-none-eabi/lib/thumb/v7e-m+fp/hard\libc_nano.a(lib_a-nano-vfprintf_float.o) (_printf_common)
c:/st/stm32cubeide_1.6.0/stm32cubeide/plugins/com.st.stm32cube.ide.mcu.externaltools.gnu-tools-for-stm32.9-2020-q2-update.win32_1.5.0.202011040924/tools/bin/../lib/gcc/arm-none-eabi/9.3.1/../../../../arm-none-eabi/lib/thumb/v7e-m+fp/hard\libc_nano.a(lib_a-sprintf.o)
                              Core/Src/main.o (sprintf)
c:/st/stm32cubeide_1.6.0/stm32cubeide/plugins/com.st.stm32cube.ide.mcu.externaltools.gnu-tools-for-stm32.9-2020-q2-update.win32_1.5.0.202011040924/tools/bin/../lib/gcc/arm-none-eabi/9.3.1/../../../../arm-none-eabi/lib/thumb/v7e-m+fp/hard\libc_nano.a(lib_a-strlen.o)
                              Core/Src/main.o (strlen)
[...]
Memory Configuration

Name             Origin             Length             Attributes
RAM              0x0000000020000000 0x0000000000020000 xrw
FLASH            0x0000000008000000 0x0000000000080000 xr
*default*        0x0000000000000000 0xffffffffffffffff

Linker script and memory map

LOAD c:/st/stm32cubeide_1.6.0/stm32cubeide/plugins/com.st.stm32cube.ide.mcu.externaltools.gnu-tools-for-stm32.9-2020-q2-update.win32_1.5.0.202011040924/tools/bin/../lib/gcc/arm-none-eabi/9.3.1/thumb/v7e-m+fp/hard/crti.o
LOAD c:/st/stm32cubeide_1.6.0/stm32cubeide/plugins/com.st.stm32cube.ide.mcu.externaltools.gnu-tools-for-stm32.9-2020-q2-update.win32_1.5.0.202011040924/tools/bin/../lib/gcc/arm-none-eabi/9.3.1/thumb/v7e-m+fp/hard/crtbegin.o
LOAD c:/st/stm32cubeide_1.6.0/stm32cubeide/plugins/com.st.stm32cube.ide.mcu.externaltools.gnu-tools-for-stm32.9-2020-q2-update.win32_1.5.0.202011040924/tools/bin/../lib/gcc/arm-none-eabi/9.3.1/../../../../arm-none-eabi/lib/thumb/v7e-m+fp/hard/crt0.o
LOAD Core/Src/freertos.o
LOAD Core/Src/main.o
LOAD Core/Src/stm32f4xx_hal_msp.o
LOAD Core/Src/stm32f4xx_hal_timebase_tim.o
LOAD Core/Src/stm32f4xx_it.o
LOAD Core/Src/syscalls.o
LOAD Core/Src/sysmem.o
LOAD Core/Src/system_stm32f4xx.o
LOAD Core/Startup/startup_stm32f411retx.o
LOAD Drivers/STM32F4xx_HAL_Driver/Src/stm32f4xx_hal.o
LOAD Drivers/STM32F4xx_HAL_Driver/Src/stm32f4xx_hal_cortex.o
LOAD Drivers/STM32F4xx_HAL_Driver/Src/stm32f4xx_hal_dma.o
LOAD Drivers/STM32F4xx_HAL_Driver/Src/stm32f4xx_hal_dma_ex.o
LOAD Drivers/STM32F4xx_HAL_Driver/Src/stm32f4xx_hal_exti.o
LOAD Drivers/STM32F4xx_HAL_Driver/Src/stm32f4xx_hal_flash.o
LOAD Drivers/STM32F4xx_HAL_Driver/Src/stm32f4xx_hal_flash_ex.o
LOAD Drivers/STM32F4xx_HAL_Driver/Src/stm32f4xx_hal_flash_ramfunc.o
LOAD Drivers/STM32F4xx_HAL_Driver/Src/stm32f4xx_hal_gpio.o
LOAD Drivers/STM32F4xx_HAL_Driver/Src/stm32f4xx_hal_pwr.o
LOAD Drivers/STM32F4xx_HAL_Driver/Src/stm32f4xx_hal_pwr_ex.o
LOAD Drivers/STM32F4xx_HAL_Driver/Src/stm32f4xx_hal_rcc.o
LOAD Drivers/STM32F4xx_HAL_Driver/Src/stm32f4xx_hal_rcc_ex.o
LOAD Drivers/STM32F4xx_HAL_Driver/Src/stm32f4xx_hal_tim.o
LOAD Drivers/STM32F4xx_HAL_Driver/Src/stm32f4xx_hal_tim_ex.o
LOAD Drivers/STM32F4xx_HAL_Driver/Src/stm32f4xx_hal_uart.o
LOAD Middlewares/Third_Party/FreeRTOS/Source/CMSIS_RTOS_V2/cmsis_os2.o
LOAD Middlewares/Third_Party/FreeRTOS/Source/croutine.o
LOAD Middlewares/Third_Party/FreeRTOS/Source/event_groups.o
LOAD Middlewares/Third_Party/FreeRTOS/Source/list.o
LOAD Middlewares/Third_Party/FreeRTOS/Source/queue.o
LOAD Middlewares/Third_Party/FreeRTOS/Source/stream_buffer.o
LOAD Middlewares/Third_Party/FreeRTOS/Source/tasks.o
LOAD Middlewares/Third_Party/FreeRTOS/Source/timers.o
LOAD Middlewares/Third_Party/FreeRTOS/Source/portable/GCC/ARM_CM4F/port.o
LOAD Middlewares/Third_Party/FreeRTOS/Source/portable/MemMang/heap_4.o
LOAD Middlewares/Third_Party/Segger_systemview/FreeRTOSV10/Config/Cortex-M/SEGGER_SYSVIEW_Config_FreeRTOS.o
LOAD Middlewares/Third_Party/Segger_systemview/FreeRTOSV10/SEGGER_SYSVIEW_FreeRTOS.o
LOAD Middlewares/Third_Party/Segger_systemview/SEGGER/SEGGER_RTT.o
LOAD Middlewares/Third_Party/Segger_systemview/SEGGER/SEGGER_RTT_ASM_ARMv7M.o
LOAD Middlewares/Third_Party/Segger_systemview/SEGGER/SEGGER_RTT_printf.o
LOAD Middlewares/Third_Party/Segger_systemview/SEGGER/SEGGER_SYSVIEW.o
LOAD Middlewares/Third_Party/Segger_systemview/SEGGER/Syscalls/SEGGER_RTT_Syscalls_GCC.o
LOAD Middlewares/Third_Party/Segger_systemview/SEGGER/Syscalls/SEGGER_RTT_Syscalls_IAR.o
LOAD Middlewares/Third_Party/Segger_systemview/SEGGER/Syscalls/SEGGER_RTT_Syscalls_KEIL.o
LOAD Middlewares/Third_Party/Segger_systemview/SEGGER/Syscalls/SEGGER_RTT_Syscalls_SES.o
START GROUP
LOAD c:/st/stm32cubeide_1.6.0/stm32cubeide/plugins/com.st.stm32cube.ide.mcu.externaltools.gnu-tools-for-stm32.9-2020-q2-update.win32_1.5.0.202011040924/tools/bin/../lib/gcc/arm-none-eabi/9.3.1/../../../../arm-none-eabi/lib/thumb/v7e-m+fp/hard\libc_nano.a
LOAD c:/st/stm32cubeide_1.6.0/stm32cubeide/plugins/com.st.stm32cube.ide.mcu.externaltools.gnu-tools-for-stm32.9-2020-q2-update.win32_1.5.0.202011040924/tools/bin/../lib/gcc/arm-none-eabi/9.3.1/../../../../arm-none-eabi/lib/thumb/v7e-m+fp/hard\libm.a
END GROUP
START GROUP
LOAD c:/st/stm32cubeide_1.6.0/stm32cubeide/plugins/com.st.stm32cube.ide.mcu.externaltools.gnu-tools-for-stm32.9-2020-q2-update.win32_1.5.0.202011040924/tools/bin/../lib/gcc/arm-none-eabi/9.3.1/thumb/v7e-m+fp/hard\libgcc.a
LOAD c:/st/stm32cubeide_1.6.0/stm32cubeide/plugins/com.st.stm32cube.ide.mcu.externaltools.gnu-tools-for-stm32.9-2020-q2-update.win32_1.5.0.202011040924/tools/bin/../lib/gcc/arm-none-eabi/9.3.1/../../../../arm-none-eabi/lib/thumb/v7e-m+fp/hard\libc_nano.a
END GROUP
START GROUP
LOAD c:/st/stm32cubeide_1.6.0/stm32cubeide/plugins/com.st.stm32cube.ide.mcu.externaltools.gnu-tools-for-stm32.9-2020-q2-update.win32_1.5.0.202011040924/tools/bin/../lib/gcc/arm-none-eabi/9.3.1/thumb/v7e-m+fp/hard\libgcc.a
LOAD c:/st/stm32cubeide_1.6.0/stm32cubeide/plugins/com.st.stm32cube.ide.mcu.externaltools.gnu-tools-for-stm32.9-2020-q2-update.win32_1.5.0.202011040924/tools/bin/../lib/gcc/arm-none-eabi/9.3.1/../../../../arm-none-eabi/lib/thumb/v7e-m+fp/hard\libc_nano.a
LOAD c:/st/stm32cubeide_1.6.0/stm32cubeide/plugins/com.st.stm32cube.ide.mcu.externaltools.gnu-tools-for-stm32.9-2020-q2-update.win32_1.5.0.202011040924/tools/bin/../lib/gcc/arm-none-eabi/9.3.1/../../../../arm-none-eabi/lib/thumb/v7e-m+fp/hard\libnosys.a
END GROUP
START GROUP
LOAD c:/st/stm32cubeide_1.6.0/stm32cubeide/plugins/com.st.stm32cube.ide.mcu.externaltools.gnu-tools-for-stm32.9-2020-q2-update.win32_1.5.0.202011040924/tools/bin/../lib/gcc/arm-none-eabi/9.3.1/thumb/v7e-m+fp/hard\libgcc.a
LOAD c:/st/stm32cubeide_1.6.0/stm32cubeide/plugins/com.st.stm32cube.ide.mcu.externaltools.gnu-tools-for-stm32.9-2020-q2-update.win32_1.5.0.202011040924/tools/bin/../lib/gcc/arm-none-eabi/9.3.1/../../../../arm-none-eabi/lib/thumb/v7e-m+fp/hard\libc_nano.a
LOAD c:/st/stm32cubeide_1.6.0/stm32cubeide/plugins/com.st.stm32cube.ide.mcu.externaltools.gnu-tools-for-stm32.9-2020-q2-update.win32_1.5.0.202011040924/tools/bin/../lib/gcc/arm-none-eabi/9.3.1/../../../../arm-none-eabi/lib/thumb/v7e-m+fp/hard\libnosys.a
END GROUP
LOAD c:/st/stm32cubeide_1.6.0/stm32cubeide/plugins/com.st.stm32cube.ide.mcu.externaltools.gnu-tools-for-stm32.9-2020-q2-update.win32_1.5.0.202011040924/tools/bin/../lib/gcc/arm-none-eabi/9.3.1/thumb/v7e-m+fp/hard/crtend.o
LOAD c:/st/stm32cubeide_1.6.0/stm32cubeide/plugins/com.st.stm32cube.ide.mcu.externaltools.gnu-tools-for-stm32.9-2020-q2-update.win32_1.5.0.202011040924/tools/bin/../lib/gcc/arm-none-eabi/9.3.1/thumb/v7e-m+fp/hard/crtn.o
                0x0000000020020000                _estack = (ORIGIN (RAM) + LENGTH (RAM))
                0x0000000000000200                _Min_Heap_Size = 0x200
                0x0000000000000400                _Min_Stack_Size = 0x400

.isr_vector     0x0000000008000000      0x198
                0x0000000008000000                . = ALIGN (0x4)
 *(.isr_vector)
 .isr_vector    0x0000000008000000      0x198 Core/Startup/startup_stm32f411retx.o
                0x0000000008000000                g_pfnVectors
                0x0000000008000198                . = ALIGN (0x4)

.text           0x00000000080001a0     0xb054
                0x00000000080001a0                . = ALIGN (0x4)
 *(.text)
 .text          0x00000000080001a0       0x40 c:/st/stm32cubeide_1.6.0/stm32cubeide/plugins/com.st.stm32cube.ide.mcu.externaltools.gnu-tools-for-stm32.9-2020-q2-update.win32_1.5.0.202011040924/tools/bin/../lib/gcc/arm-none-eabi/9.3.1/thumb/v7e-m+fp/hard/crtbegin.o
 .text          0x00000000080001e0       0x94 Middlewares/Third_Party/Segger_systemview/SEGGER/SEGGER_RTT_ASM_ARMv7M.o
                0x00000000080001e0                SEGGER_RTT_ASM_WriteSkipNoLock
 .text          0x0000000008000274       0x10 c:/st/stm32cubeide_1.6.0/stm32cubeide/plugins/com.st.stm32cube.ide.mcu.externaltools.gnu-tools-for-stm32.9-2020-q2-update.win32_1.5.0.202011040924/tools/bin/../lib/gcc/arm-none-eabi/9.3.1/../../../../arm-none-eabi/lib/thumb/v7e-m+fp/hard\libc_nano.a(lib_a-strlen.o)
                0x0000000008000274                strlen
 *fill*         0x0000000008000284        0xc 
 .text          0x0000000008000290       0xa0 c:/st/stm32cubeide_1.6.0/stm32cubeide/plugins/com.st.stm32cube.ide.mcu.externaltools.gnu-tools-for-stm32.9-2020-q2-update.win32_1.5.0.202011040924/tools/bin/../lib/gcc/arm-none-eabi/9.3.1/../../../../arm-none-eabi/lib/thumb/v7e-m+fp/hard\libc_nano.a(lib_a-memchr.o)
                0x0000000008000290                memchr
 .text          0x0000000008000330      0x378 c:/st/stm32cubeide_1.6.0/stm32cubeide/plugins/com.st.stm32cube.ide.mcu.externaltools.gnu-tools-for-stm32.9-2020-q2-update.win32_1.5.0.202011040924/tools/bin/../lib/gcc/arm-none-eabi/9.3.1/thumb/v7e-m+fp/hard\libgcc.a(_arm_addsubdf3.o)
                0x0000000008000330                __aeabi_drsub
                0x0000000008000338                __aeabi_dsub
                0x0000000008000338                __subdf3
                0x000000000800033c                __aeabi_dadd
                0x000000000800033c                __adddf3
                0x00000000080005b4                __floatunsidf
                0x00000000080005b4                __aeabi_ui2d
                0x00000000080005d4                __floatsidf
                0x00000000080005d4                __aeabi_i2d
                0x00000000080005f8                __aeabi_f2d
                0x00000000080005f8                __extendsfdf2
                0x000000000800063c                __floatundidf
                0x000000000800063c                __aeabi_ul2d
                0x000000000800064c                __floatdidf
                0x000000000800064c                __aeabi_l2d
 .text          0x00000000080006a8      0x424 c:/st/stm32cubeide_1.6.0/stm32cubeide/plugins/com.st.stm32cube.ide.mcu.externaltools.gnu-tools-for-stm32.9-2020-q2-update.win32_1.5.0.202011040924/tools/bin/../lib/gcc/arm-none-eabi/9.3.1/thumb/v7e-m+fp/hard\libgcc.a(_arm_muldivdf3.o)
                0x00000000080006a8                __aeabi_dmul
                0x00000000080006a8                __muldf3
                0x00000000080008fc                __divdf3
                0x00000000080008fc                __aeabi_ddiv
 .text          0x0000000008000acc      0x110 c:/st/stm32cubeide_1.6.0/stm32cubeide/plugins/com.st.stm32cube.ide.mcu.externaltools.gnu-tools-for-stm32.9-2020-q2-update.win32_1.5.0.202011040924/tools/bin/../lib/gcc/arm-none-eabi/9.3.1/thumb/v7e-m+fp/hard\libgcc.a(_arm_cmpdf2.o)
                0x0000000008000acc                __gtdf2
                0x0000000008000acc                __gedf2
                0x0000000008000ad4                __ltdf2
                0x0000000008000ad4                __ledf2
                0x0000000008000adc                __nedf2
                0x0000000008000adc                __eqdf2
                0x0000000008000adc                __cmpdf2
                0x0000000008000b58                __aeabi_cdrcmple
                0x0000000008000b68                __aeabi_cdcmpeq
                0x0000000008000b68                __aeabi_cdcmple
                0x0000000008000b78                __aeabi_dcmpeq
                0x0000000008000b8c                __aeabi_dcmplt
                0x0000000008000ba0                __aeabi_dcmple
                0x0000000008000bb4                __aeabi_dcmpge
                0x0000000008000bc8                __aeabi_dcmpgt
 .text          0x0000000008000bdc       0x2c c:/st/stm32cubeide_1.6.0/stm32cubeide/plugins/com.st.stm32cube.ide.mcu.externaltools.gnu-tools-for-stm32.9-2020-q2-update.win32_1.5.0.202011040924/tools/bin/../lib/gcc/arm-none-eabi/9.3.1/thumb/v7e-m+fp/hard\libgcc.a(_arm_unorddf2.o)
                0x0000000008000bdc                __unorddf2
                0x0000000008000bdc                __aeabi_dcmpun
 .text          0x0000000008000c08       0x50 c:/st/stm32cubeide_1.6.0/stm32cubeide/plugins/com.st.stm32cube.ide.mcu.externaltools.gnu-tools-for-stm32.9-2020-q2-update.win32_1.5.0.202011040924/tools/bin/../lib/gcc/arm-none-eabi/9.3.1/thumb/v7e-m+fp/hard\libgcc.a(_arm_fixdfsi.o)
                0x0000000008000c08                __aeabi_d2iz
                0x0000000008000c08                __fixdfsi
 .text          0x0000000008000c58       0x30 c:/st/stm32cubeide_1.6.0/stm32cubeide/plugins/com.st.stm32cube.ide.mcu.externaltools.gnu-tools-for-stm32.9-2020-q2-update.win32_1.5.0.202011040924/tools/bin/../lib/gcc/arm-none-eabi/9.3.1/thumb/v7e-m+fp/hard\libgcc.a(_aeabi_uldivmod.o)
                0x0000000008000c58                __aeabi_uldivmod
 .text          0x0000000008000c88      0x2c4 c:/st/stm32cubeide_1.6.0/stm32cubeide/plugins/com.st.stm32cube.ide.mcu.externaltools.gnu-tools-for-stm32.9-2020-q2-update.win32_1.5.0.202011040924/tools/bin/../lib/gcc/arm-none-eabi/9.3.1/thumb/v7e-m+fp/hard\libgcc.a(_udivmoddi4.o)
                0x0000000008000c88                __udivmoddi4
 .text          0x0000000008000f4c        0x4 c:/st/stm32cubeide_1.6.0/stm32cubeide/plugins/com.st.stm32cube.ide.mcu.externaltools.gnu-tools-for-stm32.9-2020-q2-update.win32_1.5.0.202011040924/tools/bin/../lib/gcc/arm-none-eabi/9.3.1/thumb/v7e-m+fp/hard\libgcc.a(_dvmd_tls.o)
                0x0000000008000f4c                __aeabi_idiv0
                0x0000000008000f4c                __aeabi_ldiv0
 *(.text*)
 .text.print_function
                0x0000000008000f50       0x34 Core/Src/main.o
                0x0000000008000f50                print_function
 .text.main     0x0000000008000f84       0x9c Core/Src/main.o
                0x0000000008000f84                main
 .text.vSenderTask
                0x0000000008001020       0x50 Core/Src/main.o
                0x0000000008001020                vSenderTask
 .text.SystemClock_Config
                0x0000000008001070       0xd4 Core/Src/main.o
                0x0000000008001070                SystemClock_Config
 .text.MX_USART2_UART_Init
                0x0000000008001144       0x54 Core/Src/main.o
 .text.MX_GPIO_Init
                0x0000000008001198       0xdc Core/Src/main.o
 .text.MX_TIM2_Init
                0x0000000008001274       0x9c Core/Src/main.o
 .text.HAL_TIM_PeriodElapsedCallback
                0x0000000008001310       0x68 Core/Src/main.o
                0x0000000008001310                HAL_TIM_PeriodElapsedCallback
 .text.Error_Handler
                0x0000000008001378        0xa Core/Src/main.o
                0x0000000008001378                Error_Handler
 *fill*         0x0000000008001382        0x2 
 .text.HAL_MspInit
                0x0000000008001384       0x58 Core/Src/stm32f4xx_hal_msp.o
                0x0000000008001384                HAL_MspInit
 .text.HAL_UART_MspInit
                0x00000000080013dc       0x90 Core/Src/stm32f4xx_hal_msp.o
                0x00000000080013dc                HAL_UART_MspInit
 .text.HAL_TIM_Base_MspInit
                0x000000000800146c       0x4c Core/Src/stm32f4xx_hal_msp.o
                0x000000000800146c                HAL_TIM_Base_MspInit
 .text.HAL_InitTick
                0x00000000080014b8       0xb0 Core/Src/stm32f4xx_hal_timebase_tim.o
                0x00000000080014b8                HAL_InitTick
 .text.NMI_Handler
                0x0000000008001568        0x6 Core/Src/stm32f4xx_it.o
                0x0000000008001568                NMI_Handler
 .text.HardFault_Handler
                0x000000000800156e        0x6 Core/Src/stm32f4xx_it.o
                0x000000000800156e                HardFault_Handler
 .text.MemManage_Handler
                0x0000000008001574        0x6 Core/Src/stm32f4xx_it.o
                0x0000000008001574                MemManage_Handler
 .text.BusFault_Handler
                0x000000000800157a        0x6 Core/Src/stm32f4xx_it.o
                0x000000000800157a                BusFault_Handler
 .text.UsageFault_Handler
                0x0000000008001580        0x6 Core/Src/stm32f4xx_it.o
                0x0000000008001580                UsageFault_Handler
 .text.DebugMon_Handler
                0x0000000008001586        0xe Core/Src/stm32f4xx_it.o
                0x0000000008001586                DebugMon_Handler
 .text.TIM1_UP_TIM10_IRQHandler
                0x0000000008001594       0x14 Core/Src/stm32f4xx_it.o
                0x0000000008001594                TIM1_UP_TIM10_IRQHandler
 .text.TIM2_IRQHandler
                0x00000000080015a8       0x34 Core/Src/stm32f4xx_it.o
                0x00000000080015a8                TIM2_IRQHandler
 .text._getpid  0x00000000080015dc       0x10 Core/Src/syscalls.o
                0x00000000080015dc                _getpid
 .text._kill    0x00000000080015ec       0x20 Core/Src/syscalls.o
                0x00000000080015ec                _kill
 .text._exit    0x000000000800160c       0x14 Core/Src/syscalls.o
                0x000000000800160c                _exit
 .text._read    0x0000000008001620       0x3a Core/Src/syscalls.o
                0x0000000008001620                _read
 .text._close   0x000000000800165a       0x18 Core/Src/syscalls.o
                0x000000000800165a                _close
 .text._fstat   0x0000000008001672       0x20 Core/Src/syscalls.o
                0x0000000008001672                _fstat
 .text._isatty  0x0000000008001692       0x16 Core/Src/syscalls.o
                0x0000000008001692                _isatty
 .text._lseek   0x00000000080016a8       0x1a Core/Src/syscalls.o
                0x00000000080016a8                _lseek
 *fill*         0x00000000080016c2        0x2 
 .text._sbrk    0x00000000080016c4       0x6c Core/Src/sysmem.o
                0x00000000080016c4                _sbrk
 .text.SystemInit
                0x0000000008001730       0x24 Core/Src/system_stm32f4xx.o
                0x0000000008001730                SystemInit
 .text.Reset_Handler
                0x0000000008001754       0x50 Core/Startup/startup_stm32f411retx.o
                0x0000000008001754                Reset_Handler
 .text.Default_Handler
                0x00000000080017a4        0x2 Core/Startup/startup_stm32f411retx.o
                0x00000000080017a4                RTC_Alarm_IRQHandler
                0x00000000080017a4                EXTI2_IRQHandler
                0x00000000080017a4                SPI4_IRQHandler
                0x00000000080017a4                TIM1_CC_IRQHandler
                0x00000000080017a4                DMA2_Stream5_IRQHandler
                0x00000000080017a4                DMA1_Stream5_IRQHandler
                0x00000000080017a4                PVD_IRQHandler
                0x00000000080017a4                SDIO_IRQHandler
                0x00000000080017a4                TAMP_STAMP_IRQHandler
                0x00000000080017a4                EXTI3_IRQHandler
                0x00000000080017a4                I2C3_ER_IRQHandler
                0x00000000080017a4                EXTI0_IRQHandler
                0x00000000080017a4                I2C2_EV_IRQHandler
                0x00000000080017a4                DMA1_Stream2_IRQHandler
                0x00000000080017a4                FPU_IRQHandler
                0x00000000080017a4                DMA2_Stream2_IRQHandler
                0x00000000080017a4                SPI1_IRQHandler
                0x00000000080017a4                TIM1_BRK_TIM9_IRQHandler
                0x00000000080017a4                DMA2_Stream3_IRQHandler
                0x00000000080017a4                USART6_IRQHandler
                0x00000000080017a4                DMA2_Stream0_IRQHandler
                0x00000000080017a4                TIM4_IRQHandler
                0x00000000080017a4                I2C1_EV_IRQHandler
                0x00000000080017a4                DMA1_Stream6_IRQHandler
                0x00000000080017a4                DMA1_Stream1_IRQHandler
                0x00000000080017a4                TIM3_IRQHandler
                0x00000000080017a4                RCC_IRQHandler
                0x00000000080017a4                Default_Handler
                0x00000000080017a4                EXTI15_10_IRQHandler
                0x00000000080017a4                ADC_IRQHandler
                0x00000000080017a4                DMA1_Stream7_IRQHandler
                0x00000000080017a4                SPI5_IRQHandler
                0x00000000080017a4                TIM5_IRQHandler
                0x00000000080017a4                DMA2_Stream7_IRQHandler
                0x00000000080017a4                I2C3_EV_IRQHandler
                0x00000000080017a4                EXTI9_5_IRQHandler
                0x00000000080017a4                RTC_WKUP_IRQHandler
                0x00000000080017a4                SPI2_IRQHandler
                0x00000000080017a4                DMA1_Stream0_IRQHandler
                0x00000000080017a4                EXTI4_IRQHandler
                0x00000000080017a4                WWDG_IRQHandler
                0x00000000080017a4                OTG_FS_WKUP_IRQHandler
                0x00000000080017a4                TIM1_TRG_COM_TIM11_IRQHandler
                0x00000000080017a4                EXTI1_IRQHandler
                0x00000000080017a4                USART2_IRQHandler
                0x00000000080017a4                I2C2_ER_IRQHandler
                0x00000000080017a4                DMA2_Stream1_IRQHandler
                0x00000000080017a4                FLASH_IRQHandler
                0x00000000080017a4                DMA2_Stream4_IRQHandler
                0x00000000080017a4                USART1_IRQHandler
                0x00000000080017a4                OTG_FS_IRQHandler
                0x00000000080017a4                SPI3_IRQHandler
                0x00000000080017a4                DMA1_Stream4_IRQHandler
                0x00000000080017a4                I2C1_ER_IRQHandler
                0x00000000080017a4                DMA2_Stream6_IRQHandler
                0x00000000080017a4                DMA1_Stream3_IRQHandler
 *fill*         0x00000000080017a6        0x2 
 .text.HAL_Init
                0x00000000080017a8       0x44 Drivers/STM32F4xx_HAL_Driver/Src/stm32f4xx_hal.o
                0x00000000080017a8                HAL_Init
 .text.HAL_IncTick
                0x00000000080017ec       0x28 Drivers/STM32F4xx_HAL_Driver/Src/stm32f4xx_hal.o
                0x00000000080017ec                HAL_IncTick
 .text.HAL_GetTick
                0x0000000008001814       0x18 Drivers/STM32F4xx_HAL_Driver/Src/stm32f4xx_hal.o
                0x0000000008001814                HAL_GetTick
 .text.__NVIC_SetPriorityGrouping
                0x000000000800182c       0x48 Drivers/STM32F4xx_HAL_Driver/Src/stm32f4xx_hal_cortex.o
 .text.__NVIC_GetPriorityGrouping
                0x0000000008001874       0x1c Drivers/STM32F4xx_HAL_Driver/Src/stm32f4xx_hal_cortex.o
 .text.__NVIC_EnableIRQ
                0x0000000008001890       0x3c Drivers/STM32F4xx_HAL_Driver/Src/stm32f4xx_hal_cortex.o
 .text.__NVIC_SetPriority
                0x00000000080018cc       0x54 Drivers/STM32F4xx_HAL_Driver/Src/stm32f4xx_hal_cortex.o
 .text.NVIC_EncodePriority
                0x0000000008001920       0x66 Drivers/STM32F4xx_HAL_Driver/Src/stm32f4xx_hal_cortex.o
 .text.HAL_NVIC_SetPriorityGrouping
                0x0000000008001986       0x16 Drivers/STM32F4xx_HAL_Driver/Src/stm32f4xx_hal_cortex.o
                0x0000000008001986                HAL_NVIC_SetPriorityGrouping
 .text.HAL_NVIC_SetPriority
                0x000000000800199c       0x38 Drivers/STM32F4xx_HAL_Driver/Src/stm32f4xx_hal_cortex.o
                0x000000000800199c                HAL_NVIC_SetPriority
 .text.HAL_NVIC_EnableIRQ
                0x00000000080019d4       0x1c Drivers/STM32F4xx_HAL_Driver/Src/stm32f4xx_hal_cortex.o
                0x00000000080019d4                HAL_NVIC_EnableIRQ
 .text.HAL_GPIO_Init
                0x00000000080019f0      0x308 Drivers/STM32F4xx_HAL_Driver/Src/stm32f4xx_hal_gpio.o
                0x00000000080019f0                HAL_GPIO_Init
 .text.HAL_GPIO_WritePin
                0x0000000008001cf8       0x32 Drivers/STM32F4xx_HAL_Driver/Src/stm32f4xx_hal_gpio.o
                0x0000000008001cf8                HAL_GPIO_WritePin
 *fill*         0x0000000008001d2a        0x2 
 .text.HAL_RCC_OscConfig
                0x0000000008001d2c      0x4f0 Drivers/STM32F4xx_HAL_Driver/Src/stm32f4xx_hal_rcc.o
                0x0000000008001d2c                HAL_RCC_OscConfig
 .text.HAL_RCC_ClockConfig
                0x000000000800221c      0x1cc Drivers/STM32F4xx_HAL_Driver/Src/stm32f4xx_hal_rcc.o
                0x000000000800221c                HAL_RCC_ClockConfig
 .text.HAL_RCC_GetSysClockFreq
                0x00000000080023e8      0x1c4 Drivers/STM32F4xx_HAL_Driver/Src/stm32f4xx_hal_rcc.o
                0x00000000080023e8                HAL_RCC_GetSysClockFreq
 .text.HAL_RCC_GetHCLKFreq
                0x00000000080025ac       0x18 Drivers/STM32F4xx_HAL_Driver/Src/stm32f4xx_hal_rcc.o
                0x00000000080025ac                HAL_RCC_GetHCLKFreq
 .text.HAL_RCC_GetPCLK1Freq
                0x00000000080025c4       0x28 Drivers/STM32F4xx_HAL_Driver/Src/stm32f4xx_hal_rcc.o
                0x00000000080025c4                HAL_RCC_GetPCLK1Freq
 .text.HAL_RCC_GetPCLK2Freq
                0x00000000080025ec       0x28 Drivers/STM32F4xx_HAL_Driver/Src/stm32f4xx_hal_rcc.o
                0x00000000080025ec                HAL_RCC_GetPCLK2Freq
 .text.HAL_RCC_GetClockConfig
                0x0000000008002614       0x64 Drivers/STM32F4xx_HAL_Driver/Src/stm32f4xx_hal_rcc.o
                0x0000000008002614                HAL_RCC_GetClockConfig
 .text.HAL_TIM_Base_Init
                0x0000000008002678       0x9e Drivers/STM32F4xx_HAL_Driver/Src/stm32f4xx_hal_tim.o
                0x0000000008002678                HAL_TIM_Base_Init
 *fill*         0x0000000008002716        0x2 
 .text.HAL_TIM_Base_Start_IT
                0x0000000008002718       0xc4 Drivers/STM32F4xx_HAL_Driver/Src/stm32f4xx_hal_tim.o
                0x0000000008002718                HAL_TIM_Base_Start_IT
 .text.HAL_TIM_IRQHandler
                0x00000000080027dc      0x210 Drivers/STM32F4xx_HAL_Driver/Src/stm32f4xx_hal_tim.o
                0x00000000080027dc                HAL_TIM_IRQHandler
 .text.HAL_TIM_ConfigClockSource
                0x00000000080029ec      0x18e Drivers/STM32F4xx_HAL_Driver/Src/stm32f4xx_hal_tim.o
                0x00000000080029ec                HAL_TIM_ConfigClockSource
 .text.HAL_TIM_OC_DelayElapsedCallback
                0x0000000008002b7a       0x14 Drivers/STM32F4xx_HAL_Driver/Src/stm32f4xx_hal_tim.o
                0x0000000008002b7a                HAL_TIM_OC_DelayElapsedCallback
 .text.HAL_TIM_IC_CaptureCallback
                0x0000000008002b8e       0x14 Drivers/STM32F4xx_HAL_Driver/Src/stm32f4xx_hal_tim.o
                0x0000000008002b8e                HAL_TIM_IC_CaptureCallback
 .text.HAL_TIM_PWM_PulseFinishedCallback
                0x0000000008002ba2       0x14 Drivers/STM32F4xx_HAL_Driver/Src/stm32f4xx_hal_tim.o
                0x0000000008002ba2                HAL_TIM_PWM_PulseFinishedCallback
 .text.HAL_TIM_TriggerCallback
                0x0000000008002bb6       0x14 Drivers/STM32F4xx_HAL_Driver/Src/stm32f4xx_hal_tim.o
                0x0000000008002bb6                HAL_TIM_TriggerCallback
 *fill*         0x0000000008002bca        0x2 
 .text.TIM_Base_SetConfig
                0x0000000008002bcc      0x100 Drivers/STM32F4xx_HAL_Driver/Src/stm32f4xx_hal_tim.o
                0x0000000008002bcc                TIM_Base_SetConfig
 .text.TIM_TI1_ConfigInputStage
                0x0000000008002ccc       0x5e Drivers/STM32F4xx_HAL_Driver/Src/stm32f4xx_hal_tim.o
 .text.TIM_TI2_ConfigInputStage
                0x0000000008002d2a       0x60 Drivers/STM32F4xx_HAL_Driver/Src/stm32f4xx_hal_tim.o
 .text.TIM_ITRx_SetConfig
                0x0000000008002d8a       0x36 Drivers/STM32F4xx_HAL_Driver/Src/stm32f4xx_hal_tim.o
 .text.TIM_ETR_SetConfig
                0x0000000008002dc0       0x40 Drivers/STM32F4xx_HAL_Driver/Src/stm32f4xx_hal_tim.o
                0x0000000008002dc0                TIM_ETR_SetConfig
 .text.HAL_TIMEx_MasterConfigSynchronization
                0x0000000008002e00       0xdc Drivers/STM32F4xx_HAL_Driver/Src/stm32f4xx_hal_tim_ex.o
                0x0000000008002e00                HAL_TIMEx_MasterConfigSynchronization
 .text.HAL_TIMEx_CommutCallback
                0x0000000008002edc       0x14 Drivers/STM32F4xx_HAL_Driver/Src/stm32f4xx_hal_tim_ex.o
                0x0000000008002edc                HAL_TIMEx_CommutCallback
 .text.HAL_TIMEx_BreakCallback
                0x0000000008002ef0       0x14 Drivers/STM32F4xx_HAL_Driver/Src/stm32f4xx_hal_tim_ex.o
                0x0000000008002ef0                HAL_TIMEx_BreakCallback
 .text.HAL_UART_Init
                0x0000000008002f04       0x9a Drivers/STM32F4xx_HAL_Driver/Src/stm32f4xx_hal_uart.o
                0x0000000008002f04                HAL_UART_Init
 .text.HAL_UART_Transmit
                0x0000000008002f9e      0x124 Drivers/STM32F4xx_HAL_Driver/Src/stm32f4xx_hal_uart.o
                0x0000000008002f9e                HAL_UART_Transmit
 .text.UART_WaitOnFlagUntilTimeout
                0x00000000080030c2       0xdc Drivers/STM32F4xx_HAL_Driver/Src/stm32f4xx_hal_uart.o
 *fill*         0x000000000800319e        0x2 
 .text.UART_SetConfig
                0x00000000080031a0      0x390 Drivers/STM32F4xx_HAL_Driver/Src/stm32f4xx_hal_uart.o
 .text.SysTick_Handler
                0x0000000008003530       0x20 Middlewares/Third_Party/FreeRTOS/Source/CMSIS_RTOS_V2/cmsis_os2.o
                0x0000000008003530                SysTick_Handler
 .text.vApplicationIdleHook
                0x0000000008003550        0xe Middlewares/Third_Party/FreeRTOS/Source/CMSIS_RTOS_V2/cmsis_os2.o
                0x0000000008003550                vApplicationIdleHook
 .text.vApplicationTickHook
                0x000000000800355e        0xe Middlewares/Third_Party/FreeRTOS/Source/CMSIS_RTOS_V2/cmsis_os2.o
                0x000000000800355e                vApplicationTickHook
 .text.vApplicationGetIdleTaskMemory
                0x000000000800356c       0x34 Middlewares/Third_Party/FreeRTOS/Source/CMSIS_RTOS_V2/cmsis_os2.o
                0x000000000800356c                vApplicationGetIdleTaskMemory
 .text.vApplicationGetTimerTaskMemory
                0x00000000080035a0       0x34 Middlewares/Third_Party/FreeRTOS/Source/CMSIS_RTOS_V2/cmsis_os2.o
                0x00000000080035a0                vApplicationGetTimerTaskMemory
 .text.vListInitialise
                0x00000000080035d4       0x40 Middlewares/Third_Party/FreeRTOS/Source/list.o
                0x00000000080035d4                vListInitialise
 .text.vListInitialiseItem
                0x0000000008003614       0x1a Middlewares/Third_Party/FreeRTOS/Source/list.o
                0x0000000008003614                vListInitialiseItem
 .text.vListInsertEnd
                0x000000000800362e       0x48 Middlewares/Third_Party/FreeRTOS/Source/list.o
                0x000000000800362e                vListInsertEnd
 .text.vListInsert
                0x0000000008003676       0x72 Middlewares/Third_Party/FreeRTOS/Source/list.o
                0x0000000008003676                vListInsert
 .text.uxListRemove
                0x00000000080036e8       0x54 Middlewares/Third_Party/FreeRTOS/Source/list.o
                0x00000000080036e8                uxListRemove
 .text.xQueueGenericReset
                0x000000000800373c       0xd0 Middlewares/Third_Party/FreeRTOS/Source/queue.o
                0x000000000800373c                xQueueGenericReset
 .text.xQueueGenericCreateStatic
                0x000000000800380c       0xf0 Middlewares/Third_Party/FreeRTOS/Source/queue.o
                0x000000000800380c                xQueueGenericCreateStatic
 .text.xQueueGenericCreate
                0x00000000080038fc       0x74 Middlewares/Third_Party/FreeRTOS/Source/queue.o
                0x00000000080038fc                xQueueGenericCreate
 .text.prvInitialiseNewQueue
                0x0000000008003970       0x52 Middlewares/Third_Party/FreeRTOS/Source/queue.o
 *fill*         0x00000000080039c2        0x2 
 .text.xQueueGenericSend
                0x00000000080039c4      0x24c Middlewares/Third_Party/FreeRTOS/Source/queue.o
                0x00000000080039c4                xQueueGenericSend
 .text.xQueueGenericSendFromISR
                0x0000000008003c10      0x15e Middlewares/Third_Party/FreeRTOS/Source/queue.o
                0x0000000008003c10                xQueueGenericSendFromISR
 .text.xQueueGiveFromISR
                0x0000000008003d6e      0x142 Middlewares/Third_Party/FreeRTOS/Source/queue.o
                0x0000000008003d6e                xQueueGiveFromISR
 .text.xQueueReceive
                0x0000000008003eb0      0x220 Middlewares/Third_Party/FreeRTOS/Source/queue.o
                0x0000000008003eb0                xQueueReceive
 .text.xQueueSemaphoreTake
                0x00000000080040d0      0x278 Middlewares/Third_Party/FreeRTOS/Source/queue.o
                0x00000000080040d0                xQueueSemaphoreTake
 .text.prvGetDisinheritPriorityAfterTimeout
                0x0000000008004348       0x30 Middlewares/Third_Party/FreeRTOS/Source/queue.o
 .text.prvCopyDataToQueue
                0x0000000008004378       0xd4 Middlewares/Third_Party/FreeRTOS/Source/queue.o
 .text.prvCopyDataFromQueue
                0x000000000800444c       0x4c Middlewares/Third_Party/FreeRTOS/Source/queue.o
 .text.prvUnlockQueue
                0x0000000008004498       0xa4 Middlewares/Third_Party/FreeRTOS/Source/queue.o
 .text.prvIsQueueEmpty
                0x000000000800453c       0x2c Middlewares/Third_Party/FreeRTOS/Source/queue.o
 .text.prvIsQueueFull
                0x0000000008004568       0x30 Middlewares/Third_Party/FreeRTOS/Source/queue.o
 .text.vQueueAddToRegistry
                0x0000000008004598       0x64 Middlewares/Third_Party/FreeRTOS/Source/queue.o
                0x0000000008004598                vQueueAddToRegistry
 .text.vQueueWaitForMessageRestricted
                0x00000000080045fc       0x68 Middlewares/Third_Party/FreeRTOS/Source/queue.o
                0x00000000080045fc                vQueueWaitForMessageRestricted
 .text.xTaskCreateStatic
                0x0000000008004664       0xba Middlewares/Third_Party/FreeRTOS/Source/tasks.o
                0x0000000008004664                xTaskCreateStatic
 .text.xTaskCreate
                0x000000000800471e       0x8a Middlewares/Third_Party/FreeRTOS/Source/tasks.o
                0x000000000800471e                xTaskCreate
 .text.prvInitialiseNewTask
                0x00000000080047a8      0x11e Middlewares/Third_Party/FreeRTOS/Source/tasks.o
 *fill*         0x00000000080048c6        0x2 
 .text.prvAddNewTaskToReadyList
                0x00000000080048c8      0x11c Middlewares/Third_Party/FreeRTOS/Source/tasks.o
 .text.vTaskStartScheduler
                0x00000000080049e4       0xf8 Middlewares/Third_Party/FreeRTOS/Source/tasks.o
                0x00000000080049e4                vTaskStartScheduler
 .text.vTaskSuspendAll
                0x0000000008004adc       0x1c Middlewares/Third_Party/FreeRTOS/Source/tasks.o
                0x0000000008004adc                vTaskSuspendAll
 .text.xTaskResumeAll
                0x0000000008004af8      0x144 Middlewares/Third_Party/FreeRTOS/Source/tasks.o
                0x0000000008004af8                xTaskResumeAll
 .text.xTaskGetTickCount
                0x0000000008004c3c       0x20 Middlewares/Third_Party/FreeRTOS/Source/tasks.o
                0x0000000008004c3c                xTaskGetTickCount
 .text.xTaskGetTickCountFromISR
                0x0000000008004c5c       0x24 Middlewares/Third_Party/FreeRTOS/Source/tasks.o
                0x0000000008004c5c                xTaskGetTickCountFromISR
 .text.xTaskIncrementTick
                0x0000000008004c80      0x18c Middlewares/Third_Party/FreeRTOS/Source/tasks.o
                0x0000000008004c80                xTaskIncrementTick
 .text.vTaskSwitchContext
                0x0000000008004e0c       0xe0 Middlewares/Third_Party/FreeRTOS/Source/tasks.o
                0x0000000008004e0c                vTaskSwitchContext
 .text.vTaskPlaceOnEventList
                0x0000000008004eec       0x48 Middlewares/Third_Party/FreeRTOS/Source/tasks.o
                0x0000000008004eec                vTaskPlaceOnEventList
 .text.vTaskPlaceOnEventListRestricted
                0x0000000008004f34       0x5c Middlewares/Third_Party/FreeRTOS/Source/tasks.o
                0x0000000008004f34                vTaskPlaceOnEventListRestricted
 .text.xTaskRemoveFromEventList
                0x0000000008004f90       0xd0 Middlewares/Third_Party/FreeRTOS/Source/tasks.o
                0x0000000008004f90                xTaskRemoveFromEventList
 .text.vTaskInternalSetTimeOutState
                0x0000000008005060       0x2c Middlewares/Third_Party/FreeRTOS/Source/tasks.o
                0x0000000008005060                vTaskInternalSetTimeOutState
 .text.xTaskCheckForTimeOut
                0x000000000800508c       0xc4 Middlewares/Third_Party/FreeRTOS/Source/tasks.o
                0x000000000800508c                xTaskCheckForTimeOut
 .text.vTaskMissedYield
                0x0000000008005150       0x18 Middlewares/Third_Party/FreeRTOS/Source/tasks.o
                0x0000000008005150                vTaskMissedYield
 .text.prvIdleTask
                0x0000000008005168       0x34 Middlewares/Third_Party/FreeRTOS/Source/tasks.o
 .text.prvInitialiseTaskLists
                0x000000000800519c       0x80 Middlewares/Third_Party/FreeRTOS/Source/tasks.o
 .text.prvCheckTasksWaitingTermination
                0x000000000800521c       0x5c Middlewares/Third_Party/FreeRTOS/Source/tasks.o
 .text.prvTaskCheckFreeStackSpace
                0x0000000008005278       0x38 Middlewares/Third_Party/FreeRTOS/Source/tasks.o
 .text.uxTaskGetStackHighWaterMark
                0x00000000080052b0       0x38 Middlewares/Third_Party/FreeRTOS/Source/tasks.o
                0x00000000080052b0                uxTaskGetStackHighWaterMark
 .text.prvDeleteTCB
                0x00000000080052e8       0x5e Middlewares/Third_Party/FreeRTOS/Source/tasks.o
 *fill*         0x0000000008005346        0x2 
 .text.prvResetNextTaskUnblockTime
                0x0000000008005348       0x40 Middlewares/Third_Party/FreeRTOS/Source/tasks.o
 .text.xTaskGetSchedulerState
                0x0000000008005388       0x3c Middlewares/Third_Party/FreeRTOS/Source/tasks.o
                0x0000000008005388                xTaskGetSchedulerState
 .text.xTaskPriorityInherit
                0x00000000080053c4       0xdc Middlewares/Third_Party/FreeRTOS/Source/tasks.o
                0x00000000080053c4                xTaskPriorityInherit
 .text.xTaskPriorityDisinherit
                0x00000000080054a0       0xe4 Middlewares/Third_Party/FreeRTOS/Source/tasks.o
                0x00000000080054a0                xTaskPriorityDisinherit
 .text.vTaskPriorityDisinheritAfterTimeout
                0x0000000008005584      0x114 Middlewares/Third_Party/FreeRTOS/Source/tasks.o
                0x0000000008005584                vTaskPriorityDisinheritAfterTimeout
 .text.pvTaskIncrementMutexHeldCount
                0x0000000008005698       0x28 Middlewares/Third_Party/FreeRTOS/Source/tasks.o
                0x0000000008005698                pvTaskIncrementMutexHeldCount
 .text.prvAddCurrentTaskToDelayedList
                0x00000000080056c0       0xcc Middlewares/Third_Party/FreeRTOS/Source/tasks.o
 .text.xTimerCreateTimerTask
                0x000000000800578c       0x90 Middlewares/Third_Party/FreeRTOS/Source/timers.o
                0x000000000800578c                xTimerCreateTimerTask
 .text.xTimerGenericCommand
                0x000000000800581c       0x9c Middlewares/Third_Party/FreeRTOS/Source/timers.o
                0x000000000800581c                xTimerGenericCommand
 .text.prvProcessExpiredTimer
                0x00000000080058b8       0x98 Middlewares/Third_Party/FreeRTOS/Source/timers.o
 .text.prvTimerTask
                0x0000000008005950       0x24 Middlewares/Third_Party/FreeRTOS/Source/timers.o
 .text.prvProcessTimerOrBlockTask
                0x0000000008005974       0x9c Middlewares/Third_Party/FreeRTOS/Source/timers.o
 .text.prvGetNextExpireTime
                0x0000000008005a10       0x48 Middlewares/Third_Party/FreeRTOS/Source/timers.o
 .text.prvSampleTimeNow
                0x0000000008005a58       0x40 Middlewares/Third_Party/FreeRTOS/Source/timers.o
 .text.prvInsertTimerInActiveList
                0x0000000008005a98       0x84 Middlewares/Third_Party/FreeRTOS/Source/timers.o
 .text.prvProcessReceivedCommands
                0x0000000008005b1c      0x1c4 Middlewares/Third_Party/FreeRTOS/Source/timers.o
 .text.prvSwitchTimerLists
                0x0000000008005ce0       0xc8 Middlewares/Third_Party/FreeRTOS/Source/timers.o
 .text.prvCheckForValidListAndQueue
                0x0000000008005da8       0x80 Middlewares/Third_Party/FreeRTOS/Source/timers.o
 .text.pxPortInitialiseStack
                0x0000000008005e28       0x68 Middlewares/Third_Party/FreeRTOS/Source/portable/GCC/ARM_CM4F/port.o
                0x0000000008005e28                pxPortInitialiseStack
 .text.prvTaskExitError
                0x0000000008005e90       0x58 Middlewares/Third_Party/FreeRTOS/Source/portable/GCC/ARM_CM4F/port.o
 *fill*         0x0000000008005ee8        0x8 
 .text.SVC_Handler
                0x0000000008005ef0       0x28 Middlewares/Third_Party/FreeRTOS/Source/portable/GCC/ARM_CM4F/port.o
                0x0000000008005ef0                SVC_Handler
 .text.prvPortStartFirstTask
                0x0000000008005f18       0x28 Middlewares/Third_Party/FreeRTOS/Source/portable/GCC/ARM_CM4F/port.o
 .text.xPortStartScheduler
                0x0000000008005f40      0x144 Middlewares/Third_Party/FreeRTOS/Source/portable/GCC/ARM_CM4F/port.o
                0x0000000008005f40                xPortStartScheduler
 .text.vPortEnterCritical
                0x0000000008006084       0x60 Middlewares/Third_Party/FreeRTOS/Source/portable/GCC/ARM_CM4F/port.o
                0x0000000008006084                vPortEnterCritical
 .text.vPortExitCritical
                0x00000000080060e4       0x54 Middlewares/Third_Party/FreeRTOS/Source/portable/GCC/ARM_CM4F/port.o
                0x00000000080060e4                vPortExitCritical
 *fill*         0x0000000008006138        0x8 
 .text.PendSV_Handler
                0x0000000008006140       0x68 Middlewares/Third_Party/FreeRTOS/Source/portable/GCC/ARM_CM4F/port.o
                0x0000000008006140                PendSV_Handler
 .text.xPortSysTickHandler
                0x00000000080061a8       0x54 Middlewares/Third_Party/FreeRTOS/Source/portable/GCC/ARM_CM4F/port.o
                0x00000000080061a8                xPortSysTickHandler
 .text.vPortSetupTimerInterrupt
                0x00000000080061fc       0x48 Middlewares/Third_Party/FreeRTOS/Source/portable/GCC/ARM_CM4F/port.o
                0x00000000080061fc                vPortSetupTimerInterrupt
 .text.vPortEnableVFP
                0x0000000008006244       0x14 Middlewares/Third_Party/FreeRTOS/Source/portable/GCC/ARM_CM4F/port.o
 .text.vPortValidateInterruptPriority
                0x0000000008006258       0x80 Middlewares/Third_Party/FreeRTOS/Source/portable/GCC/ARM_CM4F/port.o
                0x0000000008006258                vPortValidateInterruptPriority
 .text.pvPortMalloc
                0x00000000080062d8      0x198 Middlewares/Third_Party/FreeRTOS/Source/portable/MemMang/heap_4.o
                0x00000000080062d8                pvPortMalloc
 .text.vPortFree
                0x0000000008006470       0xc4 Middlewares/Third_Party/FreeRTOS/Source/portable/MemMang/heap_4.o
                0x0000000008006470                vPortFree
 .text.prvHeapInit
                0x0000000008006534       0xc4 Middlewares/Third_Party/FreeRTOS/Source/portable/MemMang/heap_4.o
 .text.prvInsertBlockIntoFreeList
                0x00000000080065f8       0xb4 Middlewares/Third_Party/FreeRTOS/Source/portable/MemMang/heap_4.o
 .text._cbSendSystemDesc
                0x00000000080066ac       0x1c Middlewares/Third_Party/Segger_systemview/FreeRTOSV10/Config/Cortex-M/SEGGER_SYSVIEW_Config_FreeRTOS.o
 .text.SEGGER_SYSVIEW_Conf
                0x00000000080066c8       0x2c Middlewares/Third_Party/Segger_systemview/FreeRTOSV10/Config/Cortex-M/SEGGER_SYSVIEW_Config_FreeRTOS.o
                0x00000000080066c8                SEGGER_SYSVIEW_Conf
 .text._cbSendTaskList
                0x00000000080066f4       0xbc Middlewares/Third_Party/Segger_systemview/FreeRTOSV10/SEGGER_SYSVIEW_FreeRTOS.o
 .text._cbGetTime
                0x00000000080067b0       0x84 Middlewares/Third_Party/Segger_systemview/FreeRTOSV10/SEGGER_SYSVIEW_FreeRTOS.o
 .text.SYSVIEW_AddTask
                0x0000000008006834       0xd0 Middlewares/Third_Party/Segger_systemview/FreeRTOSV10/SEGGER_SYSVIEW_FreeRTOS.o
                0x0000000008006834                SYSVIEW_AddTask
 .text.SYSVIEW_SendTaskInfo
                0x0000000008006904       0x42 Middlewares/Third_Party/Segger_systemview/FreeRTOSV10/SEGGER_SYSVIEW_FreeRTOS.o
                0x0000000008006904                SYSVIEW_SendTaskInfo
 *fill*         0x0000000008006946        0x2 
 .text._DoInit  0x0000000008006948       0xb4 Middlewares/Third_Party/Segger_systemview/SEGGER/SEGGER_RTT.o
 .text._WriteBlocking
                0x00000000080069fc       0xba Middlewares/Third_Party/Segger_systemview/SEGGER/SEGGER_RTT.o
 .text._WriteNoCheck
                0x0000000008006ab6       0x90 Middlewares/Third_Party/Segger_systemview/SEGGER/SEGGER_RTT.o
 .text._GetAvailWriteSpace
                0x0000000008006b46       0x46 Middlewares/Third_Party/Segger_systemview/SEGGER/SEGGER_RTT.o
 .text.SEGGER_RTT_ReadNoLock
                0x0000000008006b8c      0x10c Middlewares/Third_Party/Segger_systemview/SEGGER/SEGGER_RTT.o
                0x0000000008006b8c                SEGGER_RTT_ReadNoLock
 .text.SEGGER_RTT_WriteNoLock
                0x0000000008006c98       0xa0 Middlewares/Third_Party/Segger_systemview/SEGGER/SEGGER_RTT.o
                0x0000000008006c98                SEGGER_RTT_WriteNoLock
 .text.SEGGER_RTT_Write
                0x0000000008006d38       0x4c Middlewares/Third_Party/Segger_systemview/SEGGER/SEGGER_RTT.o
                0x0000000008006d38                SEGGER_RTT_Write
 .text.SEGGER_RTT_AllocUpBuffer
                0x0000000008006d84      0x108 Middlewares/Third_Party/Segger_systemview/SEGGER/SEGGER_RTT.o
                0x0000000008006d84                SEGGER_RTT_AllocUpBuffer
 .text.SEGGER_RTT_ConfigDownBuffer
                0x0000000008006e8c       0x98 Middlewares/Third_Party/Segger_systemview/SEGGER/SEGGER_RTT.o
                0x0000000008006e8c                SEGGER_RTT_ConfigDownBuffer
 .text._EncodeStr
                0x0000000008006f24       0xa0 Middlewares/Third_Party/Segger_systemview/SEGGER/SEGGER_SYSVIEW.o
 .text._PreparePacket
                0x0000000008006fc4       0x18 Middlewares/Third_Party/Segger_systemview/SEGGER/SEGGER_SYSVIEW.o
 .text._HandleIncomingPacket
                0x0000000008006fdc       0xe0 Middlewares/Third_Party/Segger_systemview/SEGGER/SEGGER_SYSVIEW.o
 .text._TrySendOverflowPacket
                0x00000000080070bc       0xe4 Middlewares/Third_Party/Segger_systemview/SEGGER/SEGGER_SYSVIEW.o
 .text._SendPacket
                0x00000000080071a0      0x2dc Middlewares/Third_Party/Segger_systemview/SEGGER/SEGGER_SYSVIEW.o
 .text.SEGGER_SYSVIEW_Init
                0x000000000800747c       0x88 Middlewares/Third_Party/Segger_systemview/SEGGER/SEGGER_SYSVIEW.o
                0x000000000800747c                SEGGER_SYSVIEW_Init
 .text.SEGGER_SYSVIEW_SetRAMBase
                0x0000000008007504       0x20 Middlewares/Third_Party/Segger_systemview/SEGGER/SEGGER_SYSVIEW.o
                0x0000000008007504                SEGGER_SYSVIEW_SetRAMBase
 .text.SEGGER_SYSVIEW_RecordVoid
                0x0000000008007524       0x3c Middlewares/Third_Party/Segger_systemview/SEGGER/SEGGER_SYSVIEW.o
                0x0000000008007524                SEGGER_SYSVIEW_RecordVoid
 .text.SEGGER_SYSVIEW_RecordU32
                0x0000000008007560       0x78 Middlewares/Third_Party/Segger_systemview/SEGGER/SEGGER_SYSVIEW.o
                0x0000000008007560                SEGGER_SYSVIEW_RecordU32
 .text.SEGGER_SYSVIEW_RecordU32x2
                0x00000000080075d8       0xb4 Middlewares/Third_Party/Segger_systemview/SEGGER/SEGGER_SYSVIEW.o
                0x00000000080075d8                SEGGER_SYSVIEW_RecordU32x2
 .text.SEGGER_SYSVIEW_RecordU32x3
                0x000000000800768c       0xec Middlewares/Third_Party/Segger_systemview/SEGGER/SEGGER_SYSVIEW.o
                0x000000000800768c                SEGGER_SYSVIEW_RecordU32x3
 .text.SEGGER_SYSVIEW_RecordU32x4
                0x0000000008007778      0x124 Middlewares/Third_Party/Segger_systemview/SEGGER/SEGGER_SYSVIEW.o
                0x0000000008007778                SEGGER_SYSVIEW_RecordU32x4
 .text.SEGGER_SYSVIEW_Start
                0x000000000800789c      0x174 Middlewares/Third_Party/Segger_systemview/SEGGER/SEGGER_SYSVIEW.o
                0x000000000800789c                SEGGER_SYSVIEW_Start
 .text.SEGGER_SYSVIEW_Stop
                0x0000000008007a10       0x4c Middlewares/Third_Party/Segger_systemview/SEGGER/SEGGER_SYSVIEW.o
                0x0000000008007a10                SEGGER_SYSVIEW_Stop
 .text.SEGGER_SYSVIEW_GetSysDesc
                0x0000000008007a5c      0x134 Middlewares/Third_Party/Segger_systemview/SEGGER/SEGGER_SYSVIEW.o
                0x0000000008007a5c                SEGGER_SYSVIEW_GetSysDesc
 .text.SEGGER_SYSVIEW_SendTaskInfo
                0x0000000008007b90      0x1c8 Middlewares/Third_Party/Segger_systemview/SEGGER/SEGGER_SYSVIEW.o
                0x0000000008007b90                SEGGER_SYSVIEW_SendTaskInfo
 .text.SEGGER_SYSVIEW_SendTaskList
                0x0000000008007d58       0x28 Middlewares/Third_Party/Segger_systemview/SEGGER/SEGGER_SYSVIEW.o
                0x0000000008007d58                SEGGER_SYSVIEW_SendTaskList
 .text.SEGGER_SYSVIEW_SendSysDesc
                0x0000000008007d80       0x48 Middlewares/Third_Party/Segger_systemview/SEGGER/SEGGER_SYSVIEW.o
                0x0000000008007d80                SEGGER_SYSVIEW_SendSysDesc
 .text.SEGGER_SYSVIEW_RecordSystime
                0x0000000008007dc8       0x64 Middlewares/Third_Party/Segger_systemview/SEGGER/SEGGER_SYSVIEW.o
                0x0000000008007dc8                SEGGER_SYSVIEW_RecordSystime
 .text.SEGGER_SYSVIEW_RecordEnterISR
                0x0000000008007e2c       0x84 Middlewares/Third_Party/Segger_systemview/SEGGER/SEGGER_SYSVIEW.o
                0x0000000008007e2c                SEGGER_SYSVIEW_RecordEnterISR
 .text.SEGGER_SYSVIEW_RecordExitISR
                0x0000000008007eb0       0x38 Middlewares/Third_Party/Segger_systemview/SEGGER/SEGGER_SYSVIEW.o
                0x0000000008007eb0                SEGGER_SYSVIEW_RecordExitISR
 .text.SEGGER_SYSVIEW_RecordExitISRToScheduler
                0x0000000008007ee8       0x38 Middlewares/Third_Party/Segger_systemview/SEGGER/SEGGER_SYSVIEW.o
                0x0000000008007ee8                SEGGER_SYSVIEW_RecordExitISRToScheduler
 .text.SEGGER_SYSVIEW_OnIdle
                0x0000000008007f20       0x38 Middlewares/Third_Party/Segger_systemview/SEGGER/SEGGER_SYSVIEW.o
                0x0000000008007f20                SEGGER_SYSVIEW_OnIdle
 .text.SEGGER_SYSVIEW_OnTaskCreate
                0x0000000008007f58       0x84 Middlewares/Third_Party/Segger_systemview/SEGGER/SEGGER_SYSVIEW.o
                0x0000000008007f58                SEGGER_SYSVIEW_OnTaskCreate
 .text.SEGGER_SYSVIEW_OnTaskStartExec
                0x0000000008007fdc       0x84 Middlewares/Third_Party/Segger_systemview/SEGGER/SEGGER_SYSVIEW.o
                0x0000000008007fdc                SEGGER_SYSVIEW_OnTaskStartExec
 .text.SEGGER_SYSVIEW_OnTaskStartReady
                0x0000000008008060       0x84 Middlewares/Third_Party/Segger_systemview/SEGGER/SEGGER_SYSVIEW.o
                0x0000000008008060                SEGGER_SYSVIEW_OnTaskStartReady
 .text.SEGGER_SYSVIEW_OnTaskStopReady
                0x00000000080080e4       0xc0 Middlewares/Third_Party/Segger_systemview/SEGGER/SEGGER_SYSVIEW.o
                0x00000000080080e4                SEGGER_SYSVIEW_OnTaskStopReady
 .text.SEGGER_SYSVIEW_ShrinkId
                0x00000000080081a4       0x20 Middlewares/Third_Party/Segger_systemview/SEGGER/SEGGER_SYSVIEW.o
                0x00000000080081a4                SEGGER_SYSVIEW_ShrinkId
 .text.SEGGER_SYSVIEW_SendModule
                0x00000000080081c4      0x100 Middlewares/Third_Party/Segger_systemview/SEGGER/SEGGER_SYSVIEW.o
                0x00000000080081c4                SEGGER_SYSVIEW_SendModule
 .text.SEGGER_SYSVIEW_SendModuleDescription
                0x00000000080082c4       0x3c Middlewares/Third_Party/Segger_systemview/SEGGER/SEGGER_SYSVIEW.o
                0x00000000080082c4                SEGGER_SYSVIEW_SendModuleDescription
 .text.SEGGER_SYSVIEW_SendNumModules
                0x0000000008008300       0x7c Middlewares/Third_Party/Segger_systemview/SEGGER/SEGGER_SYSVIEW.o
                0x0000000008008300                SEGGER_SYSVIEW_SendNumModules
 .text.SEGGER_SYSVIEW_Warn
                0x000000000800837c       0xb8 Middlewares/Third_Party/Segger_systemview/SEGGER/SEGGER_SYSVIEW.o
                0x000000000800837c                SEGGER_SYSVIEW_Warn
 .text._write_r
                0x0000000008008434       0x22 Middlewares/Third_Party/Segger_systemview/SEGGER/Syscalls/SEGGER_RTT_Syscalls_GCC.o
                0x0000000008008434                _write_r
 *fill*         0x0000000008008456        0x2 
 .text.__errno  0x0000000008008458        0xc c:/st/stm32cubeide_1.6.0/stm32cubeide/plugins/com.st.stm32cube.ide.mcu.externaltools.gnu-tools-for-stm32.9-2020-q2-update.win32_1.5.0.202011040924/tools/bin/../lib/gcc/arm-none-eabi/9.3.1/../../../../arm-none-eabi/lib/thumb/v7e-m+fp/hard\libc_nano.a(lib_a-errno.o)
                0x0000000008008458                __errno
 .text.__libc_init_array
                0x0000000008008464       0x48 c:/st/stm32cubeide_1.6.0/stm32cubeide/plugins/com.st.stm32cube.ide.mcu.externaltools.gnu-tools-for-stm32.9-2020-q2-update.win32_1.5.0.202011040924/tools/bin/../lib/gcc/arm-none-eabi/9.3.1/../../../../arm-none-eabi/lib/thumb/v7e-m+fp/hard\libc_nano.a(lib_a-init.o)
                0x0000000008008464                __libc_init_array
 .text.memcmp   0x00000000080084ac       0x1c c:/st/stm32cubeide_1.6.0/stm32cubeide/plugins/com.st.stm32cube.ide.mcu.externaltools.gnu-tools-for-stm32.9-2020-q2-update.win32_1.5.0.202011040924/tools/bin/../lib/gcc/arm-none-eabi/9.3.1/../../../../arm-none-eabi/lib/thumb/v7e-m+fp/hard\libc_nano.a(lib_a-memcmp.o)
                0x00000000080084ac                memcmp
 .text.memcpy   0x00000000080084c8       0x1c c:/st/stm32cubeide_1.6.0/stm32cubeide/plugins/com.st.stm32cube.ide.mcu.externaltools.gnu-tools-for-stm32.9-2020-q2-update.win32_1.5.0.202011040924/tools/bin/../lib/gcc/arm-none-eabi/9.3.1/../../../../arm-none-eabi/lib/thumb/v7e-m+fp/hard\libc_nano.a(lib_a-memcpy-stub.o)
                0x00000000080084c8                memcpy
 .text.memset   0x00000000080084e4       0x10 c:/st/stm32cubeide_1.6.0/stm32cubeide/plugins/com.st.stm32cube.ide.mcu.externaltools.gnu-tools-for-stm32.9-2020-q2-update.win32_1.5.0.202011040924/tools/bin/../lib/gcc/arm-none-eabi/9.3.1/../../../../arm-none-eabi/lib/thumb/v7e-m+fp/hard\libc_nano.a(lib_a-memset.o)
                0x00000000080084e4                memset
 .text.__cvt    0x00000000080084f4       0xc4 c:/st/stm32cubeide_1.6.0/stm32cubeide/plugins/com.st.stm32cube.ide.mcu.externaltools.gnu-tools-for-stm32.9-2020-q2-update.win32_1.5.0.202011040924/tools/bin/../lib/gcc/arm-none-eabi/9.3.1/../../../../arm-none-eabi/lib/thumb/v7e-m+fp/hard\libc_nano.a(lib_a-nano-vfprintf_float.o)
                0x00000000080084f4                __cvt
 .text.__exponent
                0x00000000080085b8       0x7c c:/st/stm32cubeide_1.6.0/stm32cubeide/plugins/com.st.stm32cube.ide.mcu.externaltools.gnu-tools-for-stm32.9-2020-q2-update.win32_1.5.0.202011040924/tools/bin/../lib/gcc/arm-none-eabi/9.3.1/../../../../arm-none-eabi/lib/thumb/v7e-m+fp/hard\libc_nano.a(lib_a-nano-vfprintf_float.o)
                0x00000000080085b8                __exponent
 .text._printf_float
                0x0000000008008634      0x46c c:/st/stm32cubeide_1.6.0/stm32cubeide/plugins/com.st.stm32cube.ide.mcu.externaltools.gnu-tools-for-stm32.9-2020-q2-update.win32_1.5.0.202011040924/tools/bin/../lib/gcc/arm-none-eabi/9.3.1/../../../../arm-none-eabi/lib/thumb/v7e-m+fp/hard\libc_nano.a(lib_a-nano-vfprintf_float.o)
                0x0000000008008634                _printf_float
 .text._printf_common
                0x0000000008008aa0       0xda c:/st/stm32cubeide_1.6.0/stm32cubeide/plugins/com.st.stm32cube.ide.mcu.externaltools.gnu-tools-for-stm32.9-2020-q2-update.win32_1.5.0.202011040924/tools/bin/../lib/gcc/arm-none-eabi/9.3.1/../../../../arm-none-eabi/lib/thumb/v7e-m+fp/hard\libc_nano.a(lib_a-nano-vfprintf_i.o)
                0x0000000008008aa0                _printf_common
 *fill*         0x0000000008008b7a        0x2 
 .text._printf_i
                0x0000000008008b7c      0x24c c:/st/stm32cubeide_1.6.0/stm32cubeide/plugins/com.st.stm32cube.ide.mcu.externaltools.gnu-tools-for-stm32.9-2020-q2-update.win32_1.5.0.202011040924/tools/bin/../lib/gcc/arm-none-eabi/9.3.1/../../../../arm-none-eabi/lib/thumb/v7e-m+fp/hard\libc_nano.a(lib_a-nano-vfprintf_i.o)
                0x0000000008008b7c                _printf_i
 .text.sprintf  0x0000000008008dc8       0x40 c:/st/stm32cubeide_1.6.0/stm32cubeide/plugins/com.st.stm32cube.ide.mcu.externaltools.gnu-tools-for-stm32.9-2020-q2-update.win32_1.5.0.202011040924/tools/bin/../lib/gcc/arm-none-eabi/9.3.1/../../../../arm-none-eabi/lib/thumb/v7e-m+fp/hard\libc_nano.a(lib_a-sprintf.o)
                0x0000000008008dc8                siprintf
                0x0000000008008dc8                sprintf
 .text.quorem   0x0000000008008e08      0x116 c:/st/stm32cubeide_1.6.0/stm32cubeide/plugins/com.st.stm32cube.ide.mcu.externaltools.gnu-tools-for-stm32.9-2020-q2-update.win32_1.5.0.202011040924/tools/bin/../lib/gcc/arm-none-eabi/9.3.1/../../../../arm-none-eabi/lib/thumb/v7e-m+fp/hard\libc_nano.a(lib_a-dtoa.o)
 *fill*         0x0000000008008f1e        0x2 
 .text._dtoa_r  0x0000000008008f20      0xbd8 c:/st/stm32cubeide_1.6.0/stm32cubeide/plugins/com.st.stm32cube.ide.mcu.externaltools.gnu-tools-for-stm32.9-2020-q2-update.win32_1.5.0.202011040924/tools/bin/../lib/gcc/arm-none-eabi/9.3.1/../../../../arm-none-eabi/lib/thumb/v7e-m+fp/hard\libc_nano.a(lib_a-dtoa.o)
                0x0000000008008f20                _dtoa_r
 .text._localeconv_r
                0x0000000008009af8        0x8 c:/st/stm32cubeide_1.6.0/stm32cubeide/plugins/com.st.stm32cube.ide.mcu.externaltools.gnu-tools-for-stm32.9-2020-q2-update.win32_1.5.0.202011040924/tools/bin/../lib/gcc/arm-none-eabi/9.3.1/../../../../arm-none-eabi/lib/thumb/v7e-m+fp/hard\libc_nano.a(lib_a-localeconv.o)
                0x0000000008009af8                _localeconv_r
 .text.malloc   0x0000000008009b00       0x10 c:/st/stm32cubeide_1.6.0/stm32cubeide/plugins/com.st.stm32cube.ide.mcu.externaltools.gnu-tools-for-stm32.9-2020-q2-update.win32_1.5.0.202011040924/tools/bin/../lib/gcc/arm-none-eabi/9.3.1/../../../../arm-none-eabi/lib/thumb/v7e-m+fp/hard\libc_nano.a(lib_a-malloc.o)
                0x0000000008009b00                malloc
 .text._Balloc  0x0000000008009b10       0x80 c:/st/stm32cubeide_1.6.0/stm32cubeide/plugins/com.st.stm32cube.ide.mcu.externaltools.gnu-tools-for-stm32.9-2020-q2-update.win32_1.5.0.202011040924/tools/bin/../lib/gcc/arm-none-eabi/9.3.1/../../../../arm-none-eabi/lib/thumb/v7e-m+fp/hard\libc_nano.a(lib_a-mprec.o)
                0x0000000008009b10                _Balloc
 .text._Bfree   0x0000000008009b90       0x44 c:/st/stm32cubeide_1.6.0/stm32cubeide/plugins/com.st.stm32cube.ide.mcu.externaltools.gnu-tools-for-stm32.9-2020-q2-update.win32_1.5.0.202011040924/tools/bin/../lib/gcc/arm-none-eabi/9.3.1/../../../../arm-none-eabi/lib/thumb/v7e-m+fp/hard\libc_nano.a(lib_a-mprec.o)
                0x0000000008009b90                _Bfree
 .text.__multadd
                0x0000000008009bd4       0x94 c:/st/stm32cubeide_1.6.0/stm32cubeide/plugins/com.st.stm32cube.ide.mcu.externaltools.gnu-tools-for-stm32.9-2020-q2-update.win32_1.5.0.202011040924/tools/bin/../lib/gcc/arm-none-eabi/9.3.1/../../../../arm-none-eabi/lib/thumb/v7e-m+fp/hard\libc_nano.a(lib_a-mprec.o)
                0x0000000008009bd4                __multadd
 .text.__hi0bits
                0x0000000008009c68       0x40 c:/st/stm32cubeide_1.6.0/stm32cubeide/plugins/com.st.stm32cube.ide.mcu.externaltools.gnu-tools-for-stm32.9-2020-q2-update.win32_1.5.0.202011040924/tools/bin/../lib/gcc/arm-none-eabi/9.3.1/../../../../arm-none-eabi/lib/thumb/v7e-m+fp/hard\libc_nano.a(lib_a-mprec.o)
                0x0000000008009c68                __hi0bits
 .text.__lo0bits
                0x0000000008009ca8       0x60 c:/st/stm32cubeide_1.6.0/stm32cubeide/plugins/com.st.stm32cube.ide.mcu.externaltools.gnu-tools-for-stm32.9-2020-q2-update.win32_1.5.0.202011040924/tools/bin/../lib/gcc/arm-none-eabi/9.3.1/../../../../arm-none-eabi/lib/thumb/v7e-m+fp/hard\libc_nano.a(lib_a-mprec.o)
                0x0000000008009ca8                __lo0bits
 .text.__i2b    0x0000000008009d08       0x2c c:/st/stm32cubeide_1.6.0/stm32cubeide/plugins/com.st.stm32cube.ide.mcu.externaltools.gnu-tools-for-stm32.9-2020-q2-update.win32_1.5.0.202011040924/tools/bin/../lib/gcc/arm-none-eabi/9.3.1/../../../../arm-none-eabi/lib/thumb/v7e-m+fp/hard\libc_nano.a(lib_a-mprec.o)
                0x0000000008009d08                __i2b
 .text.__multiply
                0x0000000008009d34      0x14c c:/st/stm32cubeide_1.6.0/stm32cubeide/plugins/com.st.stm32cube.ide.mcu.externaltools.gnu-tools-for-stm32.9-2020-q2-update.win32_1.5.0.202011040924/tools/bin/../lib/gcc/arm-none-eabi/9.3.1/../../../../arm-none-eabi/lib/thumb/v7e-m+fp/hard\libc_nano.a(lib_a-mprec.o)
                0x0000000008009d34                __multiply
 .text.__pow5mult
                0x0000000008009e80       0xb4 c:/st/stm32cubeide_1.6.0/stm32cubeide/plugins/com.st.stm32cube.ide.mcu.externaltools.gnu-tools-for-stm32.9-2020-q2-update.win32_1.5.0.202011040924/tools/bin/../lib/gcc/arm-none-eabi/9.3.1/../../../../arm-none-eabi/lib/thumb/v7e-m+fp/hard\libc_nano.a(lib_a-mprec.o)
                0x0000000008009e80                __pow5mult
 .text.__lshift
                0x0000000008009f34       0xd8 c:/st/stm32cubeide_1.6.0/stm32cubeide/plugins/com.st.stm32cube.ide.mcu.externaltools.gnu-tools-for-stm32.9-2020-q2-update.win32_1.5.0.202011040924/tools/bin/../lib/gcc/arm-none-eabi/9.3.1/../../../../arm-none-eabi/lib/thumb/v7e-m+fp/hard\libc_nano.a(lib_a-mprec.o)
                0x0000000008009f34                __lshift
 .text.__mcmp   0x000000000800a00c       0x38 c:/st/stm32cubeide_1.6.0/stm32cubeide/plugins/com.st.stm32cube.ide.mcu.externaltools.gnu-tools-for-stm32.9-2020-q2-update.win32_1.5.0.202011040924/tools/bin/../lib/gcc/arm-none-eabi/9.3.1/../../../../arm-none-eabi/lib/thumb/v7e-m+fp/hard\libc_nano.a(lib_a-mprec.o)
                0x000000000800a00c                __mcmp
 .text.__mdiff  0x000000000800a044      0x110 c:/st/stm32cubeide_1.6.0/stm32cubeide/plugins/com.st.stm32cube.ide.mcu.externaltools.gnu-tools-for-stm32.9-2020-q2-update.win32_1.5.0.202011040924/tools/bin/../lib/gcc/arm-none-eabi/9.3.1/../../../../arm-none-eabi/lib/thumb/v7e-m+fp/hard\libc_nano.a(lib_a-mprec.o)
                0x000000000800a044                __mdiff
 .text.__d2b    0x000000000800a154       0xb8 c:/st/stm32cubeide_1.6.0/stm32cubeide/plugins/com.st.stm32cube.ide.mcu.externaltools.gnu-tools-for-stm32.9-2020-q2-update.win32_1.5.0.202011040924/tools/bin/../lib/gcc/arm-none-eabi/9.3.1/../../../../arm-none-eabi/lib/thumb/v7e-m+fp/hard\libc_nano.a(lib_a-mprec.o)
                0x000000000800a154                __d2b
 .text._calloc_r
                0x000000000800a20c       0x1e c:/st/stm32cubeide_1.6.0/stm32cubeide/plugins/com.st.stm32cube.ide.mcu.externaltools.gnu-tools-for-stm32.9-2020-q2-update.win32_1.5.0.202011040924/tools/bin/../lib/gcc/arm-none-eabi/9.3.1/../../../../arm-none-eabi/lib/thumb/v7e-m+fp/hard\libc_nano.a(lib_a-nano-callocr.o)
                0x000000000800a20c                _calloc_r
 *fill*         0x000000000800a22a        0x2 
 .text._free_r  0x000000000800a22c       0xa0 c:/st/stm32cubeide_1.6.0/stm32cubeide/plugins/com.st.stm32cube.ide.mcu.externaltools.gnu-tools-for-stm32.9-2020-q2-update.win32_1.5.0.202011040924/tools/bin/../lib/gcc/arm-none-eabi/9.3.1/../../../../arm-none-eabi/lib/thumb/v7e-m+fp/hard\libc_nano.a(lib_a-nano-freer.o)
                0x000000000800a22c                _free_r
 .text._malloc_r
                0x000000000800a2cc       0xb4 c:/st/stm32cubeide_1.6.0/stm32cubeide/plugins/com.st.stm32cube.ide.mcu.externaltools.gnu-tools-for-stm32.9-2020-q2-update.win32_1.5.0.202011040924/tools/bin/../lib/gcc/arm-none-eabi/9.3.1/../../../../arm-none-eabi/lib/thumb/v7e-m+fp/hard\libc_nano.a(lib_a-nano-mallocr.o)
                0x000000000800a2cc                _malloc_r
 .text.__ssputs_r
                0x000000000800a380       0xb6 c:/st/stm32cubeide_1.6.0/stm32cubeide/plugins/com.st.stm32cube.ide.mcu.externaltools.gnu-tools-for-stm32.9-2020-q2-update.win32_1.5.0.202011040924/tools/bin/../lib/gcc/arm-none-eabi/9.3.1/../../../../arm-none-eabi/lib/thumb/v7e-m+fp/hard\libc_nano.a(lib_a-nano-svfprintf.o)
                0x000000000800a380                __ssputs_r
 *fill*         0x000000000800a436        0x2 
 .text._svfprintf_r
                0x000000000800a438      0x200 c:/st/stm32cubeide_1.6.0/stm32cubeide/plugins/com.st.stm32cube.ide.mcu.externaltools.gnu-tools-for-stm32.9-2020-q2-update.win32_1.5.0.202011040924/tools/bin/../lib/gcc/arm-none-eabi/9.3.1/../../../../arm-none-eabi/lib/thumb/v7e-m+fp/hard\libc_nano.a(lib_a-nano-svfprintf.o)
                0x000000000800a438                _svfiprintf_r
                0x000000000800a438                _svfprintf_r
 .text._sbrk_r  0x000000000800a638       0x20 c:/st/stm32cubeide_1.6.0/stm32cubeide/plugins/com.st.stm32cube.ide.mcu.externaltools.gnu-tools-for-stm32.9-2020-q2-update.win32_1.5.0.202011040924/tools/bin/../lib/gcc/arm-none-eabi/9.3.1/../../../../arm-none-eabi/lib/thumb/v7e-m+fp/hard\libc_nano.a(lib_a-sbrkr.o)
                0x000000000800a638                _sbrk_r
 .text.__assert_func
                0x000000000800a658       0x3c c:/st/stm32cubeide_1.6.0/stm32cubeide/plugins/com.st.stm32cube.ide.mcu.externaltools.gnu-tools-for-stm32.9-2020-q2-update.win32_1.5.0.202011040924/tools/bin/../lib/gcc/arm-none-eabi/9.3.1/../../../../arm-none-eabi/lib/thumb/v7e-m+fp/hard\libc_nano.a(lib_a-assert.o)
                0x000000000800a658                __assert_func
 .text.fprintf  0x000000000800a694       0x24 c:/st/stm32cubeide_1.6.0/stm32cubeide/plugins/com.st.stm32cube.ide.mcu.externaltools.gnu-tools-for-stm32.9-2020-q2-update.win32_1.5.0.202011040924/tools/bin/../lib/gcc/arm-none-eabi/9.3.1/../../../../arm-none-eabi/lib/thumb/v7e-m+fp/hard\libc_nano.a(lib_a-fprintf.o)
                0x000000000800a694                fiprintf
                0x000000000800a694                fprintf
 .text.__ascii_mbtowc
                0x000000000800a6b8       0x24 c:/st/stm32cubeide_1.6.0/stm32cubeide/plugins/com.st.stm32cube.ide.mcu.externaltools.gnu-tools-for-stm32.9-2020-q2-update.win32_1.5.0.202011040924/tools/bin/../lib/gcc/arm-none-eabi/9.3.1/../../../../arm-none-eabi/lib/thumb/v7e-m+fp/hard\libc_nano.a(lib_a-mbtowc_r.o)
                0x000000000800a6b8                __ascii_mbtowc
 .text.memmove  0x000000000800a6dc       0x34 c:/st/stm32cubeide_1.6.0/stm32cubeide/plugins/com.st.stm32cube.ide.mcu.externaltools.gnu-tools-for-stm32.9-2020-q2-update.win32_1.5.0.202011040924/tools/bin/../lib/gcc/arm-none-eabi/9.3.1/../../../../arm-none-eabi/lib/thumb/v7e-m+fp/hard\libc_nano.a(lib_a-memmove.o)
                0x000000000800a6dc                memmove
 .text.__malloc_lock
                0x000000000800a710        0xc c:/st/stm32cubeide_1.6.0/stm32cubeide/plugins/com.st.stm32cube.ide.mcu.externaltools.gnu-tools-for-stm32.9-2020-q2-update.win32_1.5.0.202011040924/tools/bin/../lib/gcc/arm-none-eabi/9.3.1/../../../../arm-none-eabi/lib/thumb/v7e-m+fp/hard\libc_nano.a(lib_a-mlock.o)
                0x000000000800a710                __malloc_lock
 .text.__malloc_unlock
                0x000000000800a71c        0xc c:/st/stm32cubeide_1.6.0/stm32cubeide/plugins/com.st.stm32cube.ide.mcu.externaltools.gnu-tools-for-stm32.9-2020-q2-update.win32_1.5.0.202011040924/tools/bin/../lib/gcc/arm-none-eabi/9.3.1/../../../../arm-none-eabi/lib/thumb/v7e-m+fp/hard\libc_nano.a(lib_a-mlock.o)
                0x000000000800a71c                __malloc_unlock
 .text._realloc_r
                0x000000000800a728       0x4c c:/st/stm32cubeide_1.6.0/stm32cubeide/plugins/com.st.stm32cube.ide.mcu.externaltools.gnu-tools-for-stm32.9-2020-q2-update.win32_1.5.0.202011040924/tools/bin/../lib/gcc/arm-none-eabi/9.3.1/../../../../arm-none-eabi/lib/thumb/v7e-m+fp/hard\libc_nano.a(lib_a-nano-reallocr.o)
                0x000000000800a728                _realloc_r
 .text.__sfputc_r
                0x000000000800a774       0x2e c:/st/stm32cubeide_1.6.0/stm32cubeide/plugins/com.st.stm32cube.ide.mcu.externaltools.gnu-tools-for-stm32.9-2020-q2-update.win32_1.5.0.202011040924/tools/bin/../lib/gcc/arm-none-eabi/9.3.1/../../../../arm-none-eabi/lib/thumb/v7e-m+fp/hard\libc_nano.a(lib_a-nano-vfprintf.o)
 .text.__sfputs_r
                0x000000000800a7a2       0x24 c:/st/stm32cubeide_1.6.0/stm32cubeide/plugins/com.st.stm32cube.ide.mcu.externaltools.gnu-tools-for-stm32.9-2020-q2-update.win32_1.5.0.202011040924/tools/bin/../lib/gcc/arm-none-eabi/9.3.1/../../../../arm-none-eabi/lib/thumb/v7e-m+fp/hard\libc_nano.a(lib_a-nano-vfprintf.o)
                0x000000000800a7a2                __sfputs_r
 *fill*         0x000000000800a7c6        0x2 
 .text._vfprintf_r
                0x000000000800a7c8      0x260 c:/st/stm32cubeide_1.6.0/stm32cubeide/plugins/com.st.stm32cube.ide.mcu.externaltools.gnu-tools-for-stm32.9-2020-q2-update.win32_1.5.0.202011040924/tools/bin/../lib/gcc/arm-none-eabi/9.3.1/../../../../arm-none-eabi/lib/thumb/v7e-m+fp/hard\libc_nano.a(lib_a-nano-vfprintf.o)
                0x000000000800a7c8                _vfprintf_r
                0x000000000800a7c8                _vfiprintf_r
 .text.__swbuf_r
                0x000000000800aa28       0xa4 c:/st/stm32cubeide_1.6.0/stm32cubeide/plugins/com.st.stm32cube.ide.mcu.externaltools.gnu-tools-for-stm32.9-2020-q2-update.win32_1.5.0.202011040924/tools/bin/../lib/gcc/arm-none-eabi/9.3.1/../../../../arm-none-eabi/lib/thumb/v7e-m+fp/hard\libc_nano.a(lib_a-wbuf.o)
                0x000000000800aa28                __swbuf_r
 .text.__ascii_wctomb
                0x000000000800aacc       0x1a c:/st/stm32cubeide_1.6.0/stm32cubeide/plugins/com.st.stm32cube.ide.mcu.externaltools.gnu-tools-for-stm32.9-2020-q2-update.win32_1.5.0.202011040924/tools/bin/../lib/gcc/arm-none-eabi/9.3.1/../../../../arm-none-eabi/lib/thumb/v7e-m+fp/hard\libc_nano.a(lib_a-wctomb_r.o)
                0x000000000800aacc                __ascii_wctomb
 *fill*         0x000000000800aae6        0x2 
 .text.__swsetup_r
                0x000000000800aae8       0xdc c:/st/stm32cubeide_1.6.0/stm32cubeide/plugins/com.st.stm32cube.ide.mcu.externaltools.gnu-tools-for-stm32.9-2020-q2-update.win32_1.5.0.202011040924/tools/bin/../lib/gcc/arm-none-eabi/9.3.1/../../../../arm-none-eabi/lib/thumb/v7e-m+fp/hard\libc_nano.a(lib_a-wsetup.o)
                0x000000000800aae8                __swsetup_r
 .text.abort    0x000000000800abc4        0xe c:/st/stm32cubeide_1.6.0/stm32cubeide/plugins/com.st.stm32cube.ide.mcu.externaltools.gnu-tools-for-stm32.9-2020-q2-update.win32_1.5.0.202011040924/tools/bin/../lib/gcc/arm-none-eabi/9.3.1/../../../../arm-none-eabi/lib/thumb/v7e-m+fp/hard\libc_nano.a(lib_a-abort.o)
                0x000000000800abc4                abort
 *fill*         0x000000000800abd2        0x2 
 .text.__sflush_r
                0x000000000800abd4      0x10c c:/st/stm32cubeide_1.6.0/stm32cubeide/plugins/com.st.stm32cube.ide.mcu.externaltools.gnu-tools-for-stm32.9-2020-q2-update.win32_1.5.0.202011040924/tools/bin/../lib/gcc/arm-none-eabi/9.3.1/../../../../arm-none-eabi/lib/thumb/v7e-m+fp/hard\libc_nano.a(lib_a-fflush.o)
                0x000000000800abd4                __sflush_r
 .text._fflush_r
                0x000000000800ace0       0x78 c:/st/stm32cubeide_1.6.0/stm32cubeide/plugins/com.st.stm32cube.ide.mcu.externaltools.gnu-tools-for-stm32.9-2020-q2-update.win32_1.5.0.202011040924/tools/bin/../lib/gcc/arm-none-eabi/9.3.1/../../../../arm-none-eabi/lib/thumb/v7e-m+fp/hard\libc_nano.a(lib_a-fflush.o)
                0x000000000800ace0                _fflush_r
 .text.std      0x000000000800ad58       0x48 c:/st/stm32cubeide_1.6.0/stm32cubeide/plugins/com.st.stm32cube.ide.mcu.externaltools.gnu-tools-for-stm32.9-2020-q2-update.win32_1.5.0.202011040924/tools/bin/../lib/gcc/arm-none-eabi/9.3.1/../../../../arm-none-eabi/lib/thumb/v7e-m+fp/hard\libc_nano.a(lib_a-findfp.o)
 .text._cleanup_r
                0x000000000800ada0        0xc c:/st/stm32cubeide_1.6.0/stm32cubeide/plugins/com.st.stm32cube.ide.mcu.externaltools.gnu-tools-for-stm32.9-2020-q2-update.win32_1.5.0.202011040924/tools/bin/../lib/gcc/arm-none-eabi/9.3.1/../../../../arm-none-eabi/lib/thumb/v7e-m+fp/hard\libc_nano.a(lib_a-findfp.o)
                0x000000000800ada0                _cleanup_r
 .text.__sfmoreglue
                0x000000000800adac       0x2c c:/st/stm32cubeide_1.6.0/stm32cubeide/plugins/com.st.stm32cube.ide.mcu.externaltools.gnu-tools-for-stm32.9-2020-q2-update.win32_1.5.0.202011040924/tools/bin/../lib/gcc/arm-none-eabi/9.3.1/../../../../arm-none-eabi/lib/thumb/v7e-m+fp/hard\libc_nano.a(lib_a-findfp.o)
                0x000000000800adac                __sfmoreglue
 .text.__sfp_lock_acquire
                0x000000000800add8        0xc c:/st/stm32cubeide_1.6.0/stm32cubeide/plugins/com.st.stm32cube.ide.mcu.externaltools.gnu-tools-for-stm32.9-2020-q2-update.win32_1.5.0.202011040924/tools/bin/../lib/gcc/arm-none-eabi/9.3.1/../../../../arm-none-eabi/lib/thumb/v7e-m+fp/hard\libc_nano.a(lib_a-findfp.o)
                0x000000000800add8                __sfp_lock_acquire
 .text.__sfp_lock_release
                0x000000000800ade4        0xc c:/st/stm32cubeide_1.6.0/stm32cubeide/plugins/com.st.stm32cube.ide.mcu.externaltools.gnu-tools-for-stm32.9-2020-q2-update.win32_1.5.0.202011040924/tools/bin/../lib/gcc/arm-none-eabi/9.3.1/../../../../arm-none-eabi/lib/thumb/v7e-m+fp/hard\libc_nano.a(lib_a-findfp.o)
                0x000000000800ade4                __sfp_lock_release
 .text.__sinit_lock_acquire
                0x000000000800adf0        0xc c:/st/stm32cubeide_1.6.0/stm32cubeide/plugins/com.st.stm32cube.ide.mcu.externaltools.gnu-tools-for-stm32.9-2020-q2-update.win32_1.5.0.202011040924/tools/bin/../lib/gcc/arm-none-eabi/9.3.1/../../../../arm-none-eabi/lib/thumb/v7e-m+fp/hard\libc_nano.a(lib_a-findfp.o)
                0x000000000800adf0                __sinit_lock_acquire
 .text.__sinit_lock_release
                0x000000000800adfc        0xc c:/st/stm32cubeide_1.6.0/stm32cubeide/plugins/com.st.stm32cube.ide.mcu.externaltools.gnu-tools-for-stm32.9-2020-q2-update.win32_1.5.0.202011040924/tools/bin/../lib/gcc/arm-none-eabi/9.3.1/../../../../arm-none-eabi/lib/thumb/v7e-m+fp/hard\libc_nano.a(lib_a-findfp.o)
                0x000000000800adfc                __sinit_lock_release
 .text.__sinit  0x000000000800ae08       0x70 c:/st/stm32cubeide_1.6.0/stm32cubeide/plugins/com.st.stm32cube.ide.mcu.externaltools.gnu-tools-for-stm32.9-2020-q2-update.win32_1.5.0.202011040924/tools/bin/../lib/gcc/arm-none-eabi/9.3.1/../../../../arm-none-eabi/lib/thumb/v7e-m+fp/hard\libc_nano.a(lib_a-findfp.o)
                0x000000000800ae08                __sinit
 .text.__sfp    0x000000000800ae78       0x8c c:/st/stm32cubeide_1.6.0/stm32cubeide/plugins/com.st.stm32cube.ide.mcu.externaltools.gnu-tools-for-stm32.9-2020-q2-update.win32_1.5.0.202011040924/tools/bin/../lib/gcc/arm-none-eabi/9.3.1/../../../../arm-none-eabi/lib/thumb/v7e-m+fp/hard\libc_nano.a(lib_a-findfp.o)
                0x000000000800ae78                __sfp
 .text._fwalk_reent
                0x000000000800af04       0x3e c:/st/stm32cubeide_1.6.0/stm32cubeide/plugins/com.st.stm32cube.ide.mcu.externaltools.gnu-tools-for-stm32.9-2020-q2-update.win32_1.5.0.202011040924/tools/bin/../lib/gcc/arm-none-eabi/9.3.1/../../../../arm-none-eabi/lib/thumb/v7e-m+fp/hard\libc_nano.a(lib_a-fwalk.o)
                0x000000000800af04                _fwalk_reent
 .text.__retarget_lock_init_recursive
                0x000000000800af42        0x2 c:/st/stm32cubeide_1.6.0/stm32cubeide/plugins/com.st.stm32cube.ide.mcu.externaltools.gnu-tools-for-stm32.9-2020-q2-update.win32_1.5.0.202011040924/tools/bin/../lib/gcc/arm-none-eabi/9.3.1/../../../../arm-none-eabi/lib/thumb/v7e-m+fp/hard\libc_nano.a(lib_a-lock.o)
                0x000000000800af42                __retarget_lock_init_recursive
 .text.__retarget_lock_acquire_recursive
                0x000000000800af44        0x2 c:/st/stm32cubeide_1.6.0/stm32cubeide/plugins/com.st.stm32cube.ide.mcu.externaltools.gnu-tools-for-stm32.9-2020-q2-update.win32_1.5.0.202011040924/tools/bin/../lib/gcc/arm-none-eabi/9.3.1/../../../../arm-none-eabi/lib/thumb/v7e-m+fp/hard\libc_nano.a(lib_a-lock.o)
                0x000000000800af44                __retarget_lock_acquire_recursive
 .text.__retarget_lock_release_recursive
                0x000000000800af46        0x2 c:/st/stm32cubeide_1.6.0/stm32cubeide/plugins/com.st.stm32cube.ide.mcu.externaltools.gnu-tools-for-stm32.9-2020-q2-update.win32_1.5.0.202011040924/tools/bin/../lib/gcc/arm-none-eabi/9.3.1/../../../../arm-none-eabi/lib/thumb/v7e-m+fp/hard\libc_nano.a(lib_a-lock.o)
                0x000000000800af46                __retarget_lock_release_recursive
 .text.__swhatbuf_r
                0x000000000800af48       0x48 c:/st/stm32cubeide_1.6.0/stm32cubeide/plugins/com.st.stm32cube.ide.mcu.externaltools.gnu-tools-for-stm32.9-2020-q2-update.win32_1.5.0.202011040924/tools/bin/../lib/gcc/arm-none-eabi/9.3.1/../../../../arm-none-eabi/lib/thumb/v7e-m+fp/hard\libc_nano.a(lib_a-makebuf.o)
                0x000000000800af48                __swhatbuf_r
 .text.__smakebuf_r
                0x000000000800af90       0x80 c:/st/stm32cubeide_1.6.0/stm32cubeide/plugins/com.st.stm32cube.ide.mcu.externaltools.gnu-tools-for-stm32.9-2020-q2-update.win32_1.5.0.202011040924/tools/bin/../lib/gcc/arm-none-eabi/9.3.1/../../../../arm-none-eabi/lib/thumb/v7e-m+fp/hard\libc_nano.a(lib_a-makebuf.o)
                0x000000000800af90                __smakebuf_r
 .text._malloc_usable_size_r
                0x000000000800b010       0x10 c:/st/stm32cubeide_1.6.0/stm32cubeide/plugins/com.st.stm32cube.ide.mcu.externaltools.gnu-tools-for-stm32.9-2020-q2-update.win32_1.5.0.202011040924/tools/bin/../lib/gcc/arm-none-eabi/9.3.1/../../../../arm-none-eabi/lib/thumb/v7e-m+fp/hard\libc_nano.a(lib_a-nano-msizer.o)
                0x000000000800b010                _malloc_usable_size_r
 .text._raise_r
                0x000000000800b020       0x50 c:/st/stm32cubeide_1.6.0/stm32cubeide/plugins/com.st.stm32cube.ide.mcu.externaltools.gnu-tools-for-stm32.9-2020-q2-update.win32_1.5.0.202011040924/tools/bin/../lib/gcc/arm-none-eabi/9.3.1/../../../../arm-none-eabi/lib/thumb/v7e-m+fp/hard\libc_nano.a(lib_a-signal.o)
                0x000000000800b020                _raise_r
 .text.raise    0x000000000800b070       0x10 c:/st/stm32cubeide_1.6.0/stm32cubeide/plugins/com.st.stm32cube.ide.mcu.externaltools.gnu-tools-for-stm32.9-2020-q2-update.win32_1.5.0.202011040924/tools/bin/../lib/gcc/arm-none-eabi/9.3.1/../../../../arm-none-eabi/lib/thumb/v7e-m+fp/hard\libc_nano.a(lib_a-signal.o)
                0x000000000800b070                raise
 .text._kill_r  0x000000000800b080       0x24 c:/st/stm32cubeide_1.6.0/stm32cubeide/plugins/com.st.stm32cube.ide.mcu.externaltools.gnu-tools-for-stm32.9-2020-q2-update.win32_1.5.0.202011040924/tools/bin/../lib/gcc/arm-none-eabi/9.3.1/../../../../arm-none-eabi/lib/thumb/v7e-m+fp/hard\libc_nano.a(lib_a-signalr.o)
                0x000000000800b080                _kill_r
 .text._getpid_r
                0x000000000800b0a4        0x4 c:/st/stm32cubeide_1.6.0/stm32cubeide/plugins/com.st.stm32cube.ide.mcu.externaltools.gnu-tools-for-stm32.9-2020-q2-update.win32_1.5.0.202011040924/tools/bin/../lib/gcc/arm-none-eabi/9.3.1/../../../../arm-none-eabi/lib/thumb/v7e-m+fp/hard\libc_nano.a(lib_a-signalr.o)
                0x000000000800b0a4                _getpid_r
 .text.__sread  0x000000000800b0a8       0x22 c:/st/stm32cubeide_1.6.0/stm32cubeide/plugins/com.st.stm32cube.ide.mcu.externaltools.gnu-tools-for-stm32.9-2020-q2-update.win32_1.5.0.202011040924/tools/bin/../lib/gcc/arm-none-eabi/9.3.1/../../../../arm-none-eabi/lib/thumb/v7e-m+fp/hard\libc_nano.a(lib_a-stdio.o)
                0x000000000800b0a8                __sread
 .text.__swrite
                0x000000000800b0ca       0x38 c:/st/stm32cubeide_1.6.0/stm32cubeide/plugins/com.st.stm32cube.ide.mcu.externaltools.gnu-tools-for-stm32.9-2020-q2-update.win32_1.5.0.202011040924/tools/bin/../lib/gcc/arm-none-eabi/9.3.1/../../../../arm-none-eabi/lib/thumb/v7e-m+fp/hard\libc_nano.a(lib_a-stdio.o)
                0x000000000800b0ca                __swrite
 .text.__sseek  0x000000000800b102       0x24 c:/st/stm32cubeide_1.6.0/stm32cubeide/plugins/com.st.stm32cube.ide.mcu.externaltools.gnu-tools-for-stm32.9-2020-q2-update.win32_1.5.0.202011040924/tools/bin/../lib/gcc/arm-none-eabi/9.3.1/../../../../arm-none-eabi/lib/thumb/v7e-m+fp/hard\libc_nano.a(lib_a-stdio.o)
                0x000000000800b102                __sseek
 .text.__sclose
                0x000000000800b126        0x8 c:/st/stm32cubeide_1.6.0/stm32cubeide/plugins/com.st.stm32cube.ide.mcu.externaltools.gnu-tools-for-stm32.9-2020-q2-update.win32_1.5.0.202011040924/tools/bin/../lib/gcc/arm-none-eabi/9.3.1/../../../../arm-none-eabi/lib/thumb/v7e-m+fp/hard\libc_nano.a(lib_a-stdio.o)
                0x000000000800b126                __sclose
 *fill*         0x000000000800b12e        0x2 
 .text._close_r
                0x000000000800b130       0x20 c:/st/stm32cubeide_1.6.0/stm32cubeide/plugins/com.st.stm32cube.ide.mcu.externaltools.gnu-tools-for-stm32.9-2020-q2-update.win32_1.5.0.202011040924/tools/bin/../lib/gcc/arm-none-eabi/9.3.1/../../../../arm-none-eabi/lib/thumb/v7e-m+fp/hard\libc_nano.a(lib_a-closer.o)
                0x000000000800b130                _close_r
 .text._fstat_r
                0x000000000800b150       0x24 c:/st/stm32cubeide_1.6.0/stm32cubeide/plugins/com.st.stm32cube.ide.mcu.externaltools.gnu-tools-for-stm32.9-2020-q2-update.win32_1.5.0.202011040924/tools/bin/../lib/gcc/arm-none-eabi/9.3.1/../../../../arm-none-eabi/lib/thumb/v7e-m+fp/hard\libc_nano.a(lib_a-fstatr.o)
                0x000000000800b150                _fstat_r
 .text._isatty_r
                0x000000000800b174       0x20 c:/st/stm32cubeide_1.6.0/stm32cubeide/plugins/com.st.stm32cube.ide.mcu.externaltools.gnu-tools-for-stm32.9-2020-q2-update.win32_1.5.0.202011040924/tools/bin/../lib/gcc/arm-none-eabi/9.3.1/../../../../arm-none-eabi/lib/thumb/v7e-m+fp/hard\libc_nano.a(lib_a-isattyr.o)
                0x000000000800b174                _isatty_r
 .text._lseek_r
                0x000000000800b194       0x24 c:/st/stm32cubeide_1.6.0/stm32cubeide/plugins/com.st.stm32cube.ide.mcu.externaltools.gnu-tools-for-stm32.9-2020-q2-update.win32_1.5.0.202011040924/tools/bin/../lib/gcc/arm-none-eabi/9.3.1/../../../../arm-none-eabi/lib/thumb/v7e-m+fp/hard\libc_nano.a(lib_a-lseekr.o)
                0x000000000800b194                _lseek_r
 .text._read_r  0x000000000800b1b8       0x24 c:/st/stm32cubeide_1.6.0/stm32cubeide/plugins/com.st.stm32cube.ide.mcu.externaltools.gnu-tools-for-stm32.9-2020-q2-update.win32_1.5.0.202011040924/tools/bin/../lib/gcc/arm-none-eabi/9.3.1/../../../../arm-none-eabi/lib/thumb/v7e-m+fp/hard\libc_nano.a(lib_a-readr.o)
                0x000000000800b1b8                _read_r
 *(.glue_7)
 .glue_7        0x000000000800b1dc        0x0 linker stubs
 *(.glue_7t)
 .glue_7t       0x000000000800b1dc        0x0 linker stubs
 *(.eh_frame)
 .eh_frame      0x000000000800b1dc        0x0 c:/st/stm32cubeide_1.6.0/stm32cubeide/plugins/com.st.stm32cube.ide.mcu.externaltools.gnu-tools-for-stm32.9-2020-q2-update.win32_1.5.0.202011040924/tools/bin/../lib/gcc/arm-none-eabi/9.3.1/thumb/v7e-m+fp/hard/crtbegin.o
 *(.init)
 .init          0x000000000800b1dc        0x4 c:/st/stm32cubeide_1.6.0/stm32cubeide/plugins/com.st.stm32cube.ide.mcu.externaltools.gnu-tools-for-stm32.9-2020-q2-update.win32_1.5.0.202011040924/tools/bin/../lib/gcc/arm-none-eabi/9.3.1/thumb/v7e-m+fp/hard/crti.o
                0x000000000800b1dc                _init
 .init          0x000000000800b1e0        0x8 c:/st/stm32cubeide_1.6.0/stm32cubeide/plugins/com.st.stm32cube.ide.mcu.externaltools.gnu-tools-for-stm32.9-2020-q2-update.win32_1.5.0.202011040924/tools/bin/../lib/gcc/arm-none-eabi/9.3.1/thumb/v7e-m+fp/hard/crtn.o
 *(.fini)
 .fini          0x000000000800b1e8        0x4 c:/st/stm32cubeide_1.6.0/stm32cubeide/plugins/com.st.stm32cube.ide.mcu.externaltools.gnu-tools-for-stm32.9-2020-q2-update.win32_1.5.0.202011040924/tools/bin/../lib/gcc/arm-none-eabi/9.3.1/thumb/v7e-m+fp/hard/crti.o
                0x000000000800b1e8                _fini
 .fini          0x000000000800b1ec        0x8 c:/st/stm32cubeide_1.6.0/stm32cubeide/plugins/com.st.stm32cube.ide.mcu.externaltools.gnu-tools-for-stm32.9-2020-q2-update.win32_1.5.0.202011040924/tools/bin/../lib/gcc/arm-none-eabi/9.3.1/thumb/v7e-m+fp/hard/crtn.o
                0x000000000800b1f4                . = ALIGN (0x4)
                0x000000000800b1f4                _etext = .

.vfp11_veneer   0x000000000800b1f4        0x0
 .vfp11_veneer  0x000000000800b1f4        0x0 linker stubs

.v4_bx          0x000000000800b1f4        0x0
 .v4_bx         0x000000000800b1f4        0x0 linker stubs

.iplt           0x000000000800b1f4        0x0
 .iplt          0x000000000800b1f4        0x0 c:/st/stm32cubeide_1.6.0/stm32cubeide/plugins/com.st.stm32cube.ide.mcu.externaltools.gnu-tools-for-stm32.9-2020-q2-update.win32_1.5.0.202011040924/tools/bin/../lib/gcc/arm-none-eabi/9.3.1/thumb/v7e-m+fp/hard/crtbegin.o

.rodata         0x000000000800b1f8      0x52c
                0x000000000800b1f8                . = ALIGN (0x4)
 *(.rodata)
 .rodata        0x000000000800b1f8       0x43 Core/Src/main.o
 *fill*         0x000000000800b23b        0x1 
 .rodata        0x000000000800b23c        0x5 Middlewares/Third_Party/FreeRTOS/Source/tasks.o
 *fill*         0x000000000800b241        0x3 
 .rodata        0x000000000800b244        0xd Middlewares/Third_Party/FreeRTOS/Source/timers.o
 *fill*         0x000000000800b251        0x3 
 .rodata        0x000000000800b254       0x41 Middlewares/Third_Party/Segger_systemview/FreeRTOSV10/Config/Cortex-M/SEGGER_SYSVIEW_Config_FreeRTOS.o
 *fill*         0x000000000800b295        0x3 
 .rodata        0x000000000800b298       0x58 Middlewares/Third_Party/Segger_systemview/FreeRTOSV10/SEGGER_SYSVIEW_FreeRTOS.o
 .rodata        0x000000000800b2f0        0x9 Middlewares/Third_Party/Segger_systemview/SEGGER/SEGGER_RTT.o
 *fill*         0x000000000800b2f9        0x3 
 .rodata        0x000000000800b2fc        0x8 Middlewares/Third_Party/Segger_systemview/SEGGER/SEGGER_SYSVIEW.o
 *(.rodata*)
 .rodata.AHBPrescTable
                0x000000000800b304       0x10 Core/Src/system_stm32f4xx.o
                0x000000000800b304                AHBPrescTable
 .rodata.APBPrescTable
                0x000000000800b314        0x8 Core/Src/system_stm32f4xx.o
                0x000000000800b314                APBPrescTable
 .rodata.SYSVIEW_X_OS_TraceAPI
                0x000000000800b31c        0x8 Middlewares/Third_Party/Segger_systemview/FreeRTOSV10/SEGGER_SYSVIEW_FreeRTOS.o
                0x000000000800b31c                SYSVIEW_X_OS_TraceAPI
 .rodata._aInitStr.6515
                0x000000000800b324       0x11 Middlewares/Third_Party/Segger_systemview/SEGGER/SEGGER_RTT.o
 *fill*         0x000000000800b335        0x3 
 .rodata._abSync
                0x000000000800b338        0xa Middlewares/Third_Party/Segger_systemview/SEGGER/SEGGER_SYSVIEW.o
 *fill*         0x000000000800b342        0x2 
 .rodata._global_impure_ptr
                0x000000000800b344        0x4 c:/st/stm32cubeide_1.6.0/stm32cubeide/plugins/com.st.stm32cube.ide.mcu.externaltools.gnu-tools-for-stm32.9-2020-q2-update.win32_1.5.0.202011040924/tools/bin/../lib/gcc/arm-none-eabi/9.3.1/../../../../arm-none-eabi/lib/thumb/v7e-m+fp/hard\libc_nano.a(lib_a-impure.o)
                0x000000000800b344                _global_impure_ptr
 .rodata._printf_float.str1.1
                0x000000000800b348       0x12 c:/st/stm32cubeide_1.6.0/stm32cubeide/plugins/com.st.stm32cube.ide.mcu.externaltools.gnu-tools-for-stm32.9-2020-q2-update.win32_1.5.0.202011040924/tools/bin/../lib/gcc/arm-none-eabi/9.3.1/../../../../arm-none-eabi/lib/thumb/v7e-m+fp/hard\libc_nano.a(lib_a-nano-vfprintf_float.o)
 .rodata._printf_i.str1.1
                0x000000000800b35a       0x22 c:/st/stm32cubeide_1.6.0/stm32cubeide/plugins/com.st.stm32cube.ide.mcu.externaltools.gnu-tools-for-stm32.9-2020-q2-update.win32_1.5.0.202011040924/tools/bin/../lib/gcc/arm-none-eabi/9.3.1/../../../../arm-none-eabi/lib/thumb/v7e-m+fp/hard\libc_nano.a(lib_a-nano-vfprintf_i.o)
 .rodata._dtoa_r.str1.1
                0x000000000800b37c       0x94 c:/st/stm32cubeide_1.6.0/stm32cubeide/plugins/com.st.stm32cube.ide.mcu.externaltools.gnu-tools-for-stm32.9-2020-q2-update.win32_1.5.0.202011040924/tools/bin/../lib/gcc/arm-none-eabi/9.3.1/../../../../arm-none-eabi/lib/thumb/v7e-m+fp/hard\libc_nano.a(lib_a-dtoa.o)
                                         0x96 (size before relaxing)
 .rodata._Balloc.str1.1
                0x000000000800b410       0x60 c:/st/stm32cubeide_1.6.0/stm32cubeide/plugins/com.st.stm32cube.ide.mcu.externaltools.gnu-tools-for-stm32.9-2020-q2-update.win32_1.5.0.202011040924/tools/bin/../lib/gcc/arm-none-eabi/9.3.1/../../../../arm-none-eabi/lib/thumb/v7e-m+fp/hard\libc_nano.a(lib_a-mprec.o)
                                         0x77 (size before relaxing)
 .rodata.__multadd.str1.1
                0x000000000800b470       0x11 c:/st/stm32cubeide_1.6.0/stm32cubeide/plugins/com.st.stm32cube.ide.mcu.externaltools.gnu-tools-for-stm32.9-2020-q2-update.win32_1.5.0.202011040924/tools/bin/../lib/gcc/arm-none-eabi/9.3.1/../../../../arm-none-eabi/lib/thumb/v7e-m+fp/hard\libc_nano.a(lib_a-mprec.o)
 .rodata.__mprec_bigtens
                0x000000000800b470       0x28 c:/st/stm32cubeide_1.6.0/stm32cubeide/plugins/com.st.stm32cube.ide.mcu.externaltools.gnu-tools-for-stm32.9-2020-q2-update.win32_1.5.0.202011040924/tools/bin/../lib/gcc/arm-none-eabi/9.3.1/../../../../arm-none-eabi/lib/thumb/v7e-m+fp/hard\libc_nano.a(lib_a-mprec.o)
                0x000000000800b470                __mprec_bigtens
 .rodata.__mprec_tens
                0x000000000800b498       0xc8 c:/st/stm32cubeide_1.6.0/stm32cubeide/plugins/com.st.stm32cube.ide.mcu.externaltools.gnu-tools-for-stm32.9-2020-q2-update.win32_1.5.0.202011040924/tools/bin/../lib/gcc/arm-none-eabi/9.3.1/../../../../arm-none-eabi/lib/thumb/v7e-m+fp/hard\libc_nano.a(lib_a-mprec.o)
                0x000000000800b498                __mprec_tens
 .rodata.p05.7513
                0x000000000800b560        0xc c:/st/stm32cubeide_1.6.0/stm32cubeide/plugins/com.st.stm32cube.ide.mcu.externaltools.gnu-tools-for-stm32.9-2020-q2-update.win32_1.5.0.202011040924/tools/bin/../lib/gcc/arm-none-eabi/9.3.1/../../../../arm-none-eabi/lib/thumb/v7e-m+fp/hard\libc_nano.a(lib_a-mprec.o)
 .rodata._svfprintf_r.str1.1
                0x000000000800b56c       0x11 c:/st/stm32cubeide_1.6.0/stm32cubeide/plugins/com.st.stm32cube.ide.mcu.externaltools.gnu-tools-for-stm32.9-2020-q2-update.win32_1.5.0.202011040924/tools/bin/../lib/gcc/arm-none-eabi/9.3.1/../../../../arm-none-eabi/lib/thumb/v7e-m+fp/hard\libc_nano.a(lib_a-nano-svfprintf.o)
 .rodata.__assert_func.str1.1
                0x000000000800b57d       0x3c c:/st/stm32cubeide_1.6.0/stm32cubeide/plugins/com.st.stm32cube.ide.mcu.externaltools.gnu-tools-for-stm32.9-2020-q2-update.win32_1.5.0.202011040924/tools/bin/../lib/gcc/arm-none-eabi/9.3.1/../../../../arm-none-eabi/lib/thumb/v7e-m+fp/hard\libc_nano.a(lib_a-assert.o)
                                         0x3d (size before relaxing)
 .rodata._setlocale_r.str1.1
                0x000000000800b5b9        0x8 c:/st/stm32cubeide_1.6.0/stm32cubeide/plugins/com.st.stm32cube.ide.mcu.externaltools.gnu-tools-for-stm32.9-2020-q2-update.win32_1.5.0.202011040924/tools/bin/../lib/gcc/arm-none-eabi/9.3.1/../../../../arm-none-eabi/lib/thumb/v7e-m+fp/hard\libc_nano.a(lib_a-locale.o)
                                          0x9 (size before relaxing)
 .rodata.str1.1
                0x000000000800b5c1        0x2 c:/st/stm32cubeide_1.6.0/stm32cubeide/plugins/com.st.stm32cube.ide.mcu.externaltools.gnu-tools-for-stm32.9-2020-q2-update.win32_1.5.0.202011040924/tools/bin/../lib/gcc/arm-none-eabi/9.3.1/../../../../arm-none-eabi/lib/thumb/v7e-m+fp/hard\libc_nano.a(lib_a-locale.o)
 .rodata._vfprintf_r.str1.1
                0x000000000800b5c3       0x11 c:/st/stm32cubeide_1.6.0/stm32cubeide/plugins/com.st.stm32cube.ide.mcu.externaltools.gnu-tools-for-stm32.9-2020-q2-update.win32_1.5.0.202011040924/tools/bin/../lib/gcc/arm-none-eabi/9.3.1/../../../../arm-none-eabi/lib/thumb/v7e-m+fp/hard\libc_nano.a(lib_a-nano-vfprintf.o)
 .rodata._ctype_
                0x000000000800b5c3      0x101 c:/st/stm32cubeide_1.6.0/stm32cubeide/plugins/com.st.stm32cube.ide.mcu.externaltools.gnu-tools-for-stm32.9-2020-q2-update.win32_1.5.0.202011040924/tools/bin/../lib/gcc/arm-none-eabi/9.3.1/../../../../arm-none-eabi/lib/thumb/v7e-m+fp/hard\libc_nano.a(lib_a-ctype_.o)
                0x000000000800b5c3                _ctype_
 .rodata.__sf_fake_stderr